-- Found ament_cmake: 1.3.11 (/opt/ros/humble/share/ament_cmake/cmake)
-- Found Python3: /usr/bin/python3 (found version "3.10.12") found components: Interpreter 
-- Found ament_lint_auto: 0.12.12 (/opt/ros/humble/share/ament_lint_auto/cmake)
-- Added test 'lint_cmake' to check CMake code style
-- Added test 'xmllint' to check XML markup files
-- Configuring done
-- Generating done
-- Build files have been written to: /home/constantine/uav_payload_control/build/px4_command
-- Install configuration: ""
-- Installing: /home/constantine/uav_payload_control/install/px4_command/share/ament_index/resource_index/package_run_dependencies/px4_command
-- Installing: /home/constantine/uav_payload_control/install/px4_command/share/ament_index/resource_index/parent_prefix_path/px4_command
-- Installing: /home/constantine/uav_payload_control/install/px4_command/share/px4_command/environment/ament_prefix_path.sh
-- Installing: /home/constantine/uav_payload_control/install/px4_command/share/px4_command/environment/ament_prefix_path.dsv
-- Installing: /home/constantine/uav_payload_control/install/px4_command/share/px4_command/environment/path.sh
-- Installing: /home/constantine/uav_payload_control/install/px4_command/share/px4_command/environment/path.dsv
-- Installing: /home/constantine/uav_payload_control/install/px4_command/share/px4_command/local_setup.bash
-- Installing: /home/constantine/uav_payload_control/install/px4_command/share/px4_command/local_setup.sh
-- Installing: /home/constantine/uav_payload_control/install/px4_command/share/px4_command/local_setup.zsh
-- Installing: /home/constantine/uav_payload_control/install/px4_command/share/px4_command/local_setup.dsv
-- Installing: /home/constantine/uav_payload_control/install/px4_command/share/px4_command/package.dsv
-- Installing: /home/constantine/uav_payload_control/install/px4_command/share/ament_index/resource_index/packages/px4_command
-- Installing: /home/constantine/uav_payload_control/install/px4_command/share/px4_command/cmake/px4_commandConfig.cmake
-- Installing: /home/constantine/uav_payload_control/install/px4_command/share/px4_command/cmake/px4_commandConfig-version.cmake
-- Installing: /home/constantine/uav_payload_control/install/px4_command/share/px4_command/package.xml
