[0.007s] Invoking command in '/home/constantine/uav_payload_control/build/px4_command': CMAKE_PREFIX_PATH=/opt/ros/humble:${CMAKE_PREFIX_PATH} /usr/bin/cmake /home/constantine/uav_payload_control/src/px4_command -DCMAKE_INSTALL_PREFIX=/home/constantine/uav_payload_control/install/px4_command
[0.015s] -- Found ament_cmake: 1.3.11 (/opt/ros/humble/share/ament_cmake/cmake)
[0.121s] -- Found Python3: /usr/bin/python3 (found version "3.10.12") found components: Interpreter 
[0.176s] -- Found ament_lint_auto: 0.12.12 (/opt/ros/humble/share/ament_lint_auto/cmake)
[0.227s] -- Added test 'lint_cmake' to check CMake code style
[0.227s] -- Added test 'xmllint' to check XML markup files
[0.228s] -- Configuring done
[0.229s] -- Generating done
[0.230s] -- Build files have been written to: /home/constantine/uav_payload_control/build/px4_command
[0.232s] Invoked command in '/home/constantine/uav_payload_control/build/px4_command' returned '0': CMAKE_PREFIX_PATH=/opt/ros/humble:${CMAKE_PREFIX_PATH} /usr/bin/cmake /home/constantine/uav_payload_control/src/px4_command -DCMAKE_INSTALL_PREFIX=/home/constantine/uav_payload_control/install/px4_command
[0.233s] Invoking command in '/home/constantine/uav_payload_control/build/px4_command': CMAKE_PREFIX_PATH=/opt/ros/humble:${CMAKE_PREFIX_PATH} /usr/bin/cmake --build /home/constantine/uav_payload_control/build/px4_command -- -j16 -l16
[0.258s] Invoked command in '/home/constantine/uav_payload_control/build/px4_command' returned '0': CMAKE_PREFIX_PATH=/opt/ros/humble:${CMAKE_PREFIX_PATH} /usr/bin/cmake --build /home/constantine/uav_payload_control/build/px4_command -- -j16 -l16
[0.259s] Invoking command in '/home/constantine/uav_payload_control/build/px4_command': CMAKE_PREFIX_PATH=/opt/ros/humble:${CMAKE_PREFIX_PATH} /usr/bin/cmake --install /home/constantine/uav_payload_control/build/px4_command
[0.268s] -- Install configuration: ""
[0.268s] -- Installing: /home/constantine/uav_payload_control/install/px4_command/share/ament_index/resource_index/package_run_dependencies/px4_command
[0.268s] -- Installing: /home/constantine/uav_payload_control/install/px4_command/share/ament_index/resource_index/parent_prefix_path/px4_command
[0.268s] -- Installing: /home/constantine/uav_payload_control/install/px4_command/share/px4_command/environment/ament_prefix_path.sh
[0.268s] -- Installing: /home/constantine/uav_payload_control/install/px4_command/share/px4_command/environment/ament_prefix_path.dsv
[0.268s] -- Installing: /home/constantine/uav_payload_control/install/px4_command/share/px4_command/environment/path.sh
[0.268s] -- Installing: /home/constantine/uav_payload_control/install/px4_command/share/px4_command/environment/path.dsv
[0.268s] -- Installing: /home/constantine/uav_payload_control/install/px4_command/share/px4_command/local_setup.bash
[0.268s] -- Installing: /home/constantine/uav_payload_control/install/px4_command/share/px4_command/local_setup.sh
[0.268s] -- Installing: /home/constantine/uav_payload_control/install/px4_command/share/px4_command/local_setup.zsh
[0.268s] -- Installing: /home/constantine/uav_payload_control/install/px4_command/share/px4_command/local_setup.dsv
[0.268s] -- Installing: /home/constantine/uav_payload_control/install/px4_command/share/px4_command/package.dsv
[0.268s] -- Installing: /home/constantine/uav_payload_control/install/px4_command/share/ament_index/resource_index/packages/px4_command
[0.268s] -- Installing: /home/constantine/uav_payload_control/install/px4_command/share/px4_command/cmake/px4_commandConfig.cmake
[0.268s] -- Installing: /home/constantine/uav_payload_control/install/px4_command/share/px4_command/cmake/px4_commandConfig-version.cmake
[0.268s] -- Installing: /home/constantine/uav_payload_control/install/px4_command/share/px4_command/package.xml
[0.270s] Invoked command in '/home/constantine/uav_payload_control/build/px4_command' returned '0': CMAKE_PREFIX_PATH=/opt/ros/humble:${CMAKE_PREFIX_PATH} /usr/bin/cmake --install /home/constantine/uav_payload_control/build/px4_command
