[0.082s] DEBUG:colcon:Command line arguments: ['/usr/bin/colcon', 'build']
[0.082s] DEBUG:colcon:Parsed command line arguments: Namespace(log_base=None, log_level=None, verb_name='build', build_base='build', install_base='install', merge_install=False, symlink_install=False, test_result_base=None, continue_on_error=False, executor='parallel', parallel_workers=16, event_handlers=None, ignore_user_meta=False, metas=['./colcon.meta'], base_paths=['.'], packages_ignore=None, packages_ignore_regex=None, paths=None, packages_up_to=None, packages_up_to_regex=None, packages_above=None, packages_above_and_dependencies=None, packages_above_depth=None, packages_select_by_dep=None, packages_skip_by_dep=None, packages_skip_up_to=None, packages_select_build_failed=False, packages_skip_build_finished=False, packages_select_test_failures=False, packages_skip_test_passed=False, packages_select=None, packages_skip=None, packages_select_regex=None, packages_skip_regex=None, packages_start=None, packages_end=None, allow_overriding=[], cmake_args=None, cmake_target=None, cmake_target_skip_unavailable=False, cmake_clean_cache=False, cmake_clean_first=False, cmake_force_configure=False, ament_cmake_args=None, catkin_cmake_args=None, catkin_skip_building_tests=False, verb_parser=<colcon_defaults.argument_parser.defaults.DefaultArgumentsDecorator object at 0x7411de23bdf0>, verb_extension=<colcon_core.verb.build.BuildVerb object at 0x7411de23b8b0>, main=<bound method BuildVerb.main of <colcon_core.verb.build.BuildVerb object at 0x7411de23b8b0>>)
[0.184s] Level 1:colcon.colcon_core.package_discovery:discover_packages(colcon_meta) check parameters
[0.184s] Level 1:colcon.colcon_core.package_discovery:discover_packages(recursive) check parameters
[0.184s] Level 1:colcon.colcon_core.package_discovery:discover_packages(ignore) check parameters
[0.184s] Level 1:colcon.colcon_core.package_discovery:discover_packages(path) check parameters
[0.184s] Level 1:colcon.colcon_core.package_discovery:discover_packages(colcon_meta) discover
[0.184s] Level 1:colcon.colcon_core.package_discovery:discover_packages(recursive) discover
[0.184s] INFO:colcon.colcon_core.package_discovery:Crawling recursively for packages in '/home/constantine/uav_payload_control'
[0.184s] Level 1:colcon.colcon_core.package_identification:_identify(.) by extensions ['ignore', 'ignore_ament_install']
[0.184s] Level 1:colcon.colcon_core.package_identification:_identify(.) by extension 'ignore'
[0.184s] Level 1:colcon.colcon_core.package_identification:_identify(.) by extension 'ignore_ament_install'
[0.184s] Level 1:colcon.colcon_core.package_identification:_identify(.) by extensions ['colcon_pkg']
[0.184s] Level 1:colcon.colcon_core.package_identification:_identify(.) by extension 'colcon_pkg'
[0.184s] Level 1:colcon.colcon_core.package_identification:_identify(.) by extensions ['colcon_meta']
[0.184s] Level 1:colcon.colcon_core.package_identification:_identify(.) by extension 'colcon_meta'
[0.184s] Level 1:colcon.colcon_core.package_identification:_identify(.) by extensions ['ros']
[0.184s] Level 1:colcon.colcon_core.package_identification:_identify(.) by extension 'ros'
[0.195s] Level 1:colcon.colcon_core.package_identification:_identify(.) by extensions ['cmake', 'python']
[0.195s] Level 1:colcon.colcon_core.package_identification:_identify(.) by extension 'cmake'
[0.195s] Level 1:colcon.colcon_core.package_identification:_identify(.) by extension 'python'
[0.195s] Level 1:colcon.colcon_core.package_identification:_identify(.) by extensions ['python_setup_py']
[0.195s] Level 1:colcon.colcon_core.package_identification:_identify(.) by extension 'python_setup_py'
[0.195s] Level 1:colcon.colcon_core.package_identification:_identify(build) by extensions ['ignore', 'ignore_ament_install']
[0.195s] Level 1:colcon.colcon_core.package_identification:_identify(build) by extension 'ignore'
[0.195s] Level 1:colcon.colcon_core.package_identification:_identify(build) ignored
[0.195s] Level 1:colcon.colcon_core.package_identification:_identify(devel) by extensions ['ignore', 'ignore_ament_install']
[0.195s] Level 1:colcon.colcon_core.package_identification:_identify(devel) by extension 'ignore'
[0.195s] Level 1:colcon.colcon_core.package_identification:_identify(devel) by extension 'ignore_ament_install'
[0.195s] Level 1:colcon.colcon_core.package_identification:_identify(devel) ignored
[0.195s] Level 1:colcon.colcon_core.package_identification:_identify(install) by extensions ['ignore', 'ignore_ament_install']
[0.195s] Level 1:colcon.colcon_core.package_identification:_identify(install) by extension 'ignore'
[0.195s] Level 1:colcon.colcon_core.package_identification:_identify(install) ignored
[0.195s] Level 1:colcon.colcon_core.package_identification:_identify(log) by extensions ['ignore', 'ignore_ament_install']
[0.195s] Level 1:colcon.colcon_core.package_identification:_identify(log) by extension 'ignore'
[0.195s] Level 1:colcon.colcon_core.package_identification:_identify(log) ignored
[0.195s] Level 1:colcon.colcon_core.package_identification:_identify(src) by extensions ['ignore', 'ignore_ament_install']
[0.195s] Level 1:colcon.colcon_core.package_identification:_identify(src) by extension 'ignore'
[0.195s] Level 1:colcon.colcon_core.package_identification:_identify(src) by extension 'ignore_ament_install'
[0.195s] Level 1:colcon.colcon_core.package_identification:_identify(src) by extensions ['colcon_pkg']
[0.195s] Level 1:colcon.colcon_core.package_identification:_identify(src) by extension 'colcon_pkg'
[0.195s] Level 1:colcon.colcon_core.package_identification:_identify(src) by extensions ['colcon_meta']
[0.196s] Level 1:colcon.colcon_core.package_identification:_identify(src) by extension 'colcon_meta'
[0.196s] Level 1:colcon.colcon_core.package_identification:_identify(src) by extensions ['ros']
[0.196s] Level 1:colcon.colcon_core.package_identification:_identify(src) by extension 'ros'
[0.196s] Level 1:colcon.colcon_core.package_identification:_identify(src) by extensions ['cmake', 'python']
[0.196s] Level 1:colcon.colcon_core.package_identification:_identify(src) by extension 'cmake'
[0.196s] Level 1:colcon.colcon_core.package_identification:_identify(src) by extension 'python'
[0.196s] Level 1:colcon.colcon_core.package_identification:_identify(src) by extensions ['python_setup_py']
[0.196s] Level 1:colcon.colcon_core.package_identification:_identify(src) by extension 'python_setup_py'
[0.196s] Level 1:colcon.colcon_core.package_identification:_identify(src/optitrack_broadcast) by extensions ['ignore', 'ignore_ament_install']
[0.196s] Level 1:colcon.colcon_core.package_identification:_identify(src/optitrack_broadcast) by extension 'ignore'
[0.196s] Level 1:colcon.colcon_core.package_identification:_identify(src/optitrack_broadcast) by extension 'ignore_ament_install'
[0.196s] Level 1:colcon.colcon_core.package_identification:_identify(src/optitrack_broadcast) by extensions ['colcon_pkg']
[0.196s] Level 1:colcon.colcon_core.package_identification:_identify(src/optitrack_broadcast) by extension 'colcon_pkg'
[0.196s] Level 1:colcon.colcon_core.package_identification:_identify(src/optitrack_broadcast) by extensions ['colcon_meta']
[0.196s] Level 1:colcon.colcon_core.package_identification:_identify(src/optitrack_broadcast) by extension 'colcon_meta'
[0.196s] Level 1:colcon.colcon_core.package_identification:_identify(src/optitrack_broadcast) by extensions ['ros']
[0.196s] Level 1:colcon.colcon_core.package_identification:_identify(src/optitrack_broadcast) by extension 'ros'
[0.198s] DEBUG:colcon.colcon_core.package_identification:Package 'src/optitrack_broadcast' with type 'ros.catkin' and name 'optitrack_broadcast'
[0.198s] Level 1:colcon.colcon_core.package_identification:_identify(src/px4_command) by extensions ['ignore', 'ignore_ament_install']
[0.198s] Level 1:colcon.colcon_core.package_identification:_identify(src/px4_command) by extension 'ignore'
[0.198s] Level 1:colcon.colcon_core.package_identification:_identify(src/px4_command) by extension 'ignore_ament_install'
[0.198s] Level 1:colcon.colcon_core.package_identification:_identify(src/px4_command) by extensions ['colcon_pkg']
[0.198s] Level 1:colcon.colcon_core.package_identification:_identify(src/px4_command) by extension 'colcon_pkg'
[0.198s] Level 1:colcon.colcon_core.package_identification:_identify(src/px4_command) by extensions ['colcon_meta']
[0.198s] Level 1:colcon.colcon_core.package_identification:_identify(src/px4_command) by extension 'colcon_meta'
[0.198s] Level 1:colcon.colcon_core.package_identification:_identify(src/px4_command) by extensions ['ros']
[0.198s] Level 1:colcon.colcon_core.package_identification:_identify(src/px4_command) by extension 'ros'
[0.199s] DEBUG:colcon.colcon_core.package_identification:Package 'src/px4_command' with type 'ros.catkin' and name 'px4_command'
[0.199s] Level 1:colcon.colcon_core.package_identification:_identify(src/qt_ground_station) by extensions ['ignore', 'ignore_ament_install']
[0.199s] Level 1:colcon.colcon_core.package_identification:_identify(src/qt_ground_station) by extension 'ignore'
[0.199s] Level 1:colcon.colcon_core.package_identification:_identify(src/qt_ground_station) by extension 'ignore_ament_install'
[0.199s] Level 1:colcon.colcon_core.package_identification:_identify(src/qt_ground_station) by extensions ['colcon_pkg']
[0.199s] Level 1:colcon.colcon_core.package_identification:_identify(src/qt_ground_station) by extension 'colcon_pkg'
[0.199s] Level 1:colcon.colcon_core.package_identification:_identify(src/qt_ground_station) by extensions ['colcon_meta']
[0.199s] Level 1:colcon.colcon_core.package_identification:_identify(src/qt_ground_station) by extension 'colcon_meta'
[0.199s] Level 1:colcon.colcon_core.package_identification:_identify(src/qt_ground_station) by extensions ['ros']
[0.199s] Level 1:colcon.colcon_core.package_identification:_identify(src/qt_ground_station) by extension 'ros'
[0.199s] DEBUG:colcon.colcon_core.package_identification:Package 'src/qt_ground_station' with type 'ros.catkin' and name 'qt_ground_station'
[0.199s] Level 1:colcon.colcon_core.package_identification:_identify(src/qt_ground_station_ros1) by extensions ['ignore', 'ignore_ament_install']
[0.199s] Level 1:colcon.colcon_core.package_identification:_identify(src/qt_ground_station_ros1) by extension 'ignore'
[0.199s] Level 1:colcon.colcon_core.package_identification:_identify(src/qt_ground_station_ros1) by extension 'ignore_ament_install'
[0.199s] Level 1:colcon.colcon_core.package_identification:_identify(src/qt_ground_station_ros1) by extensions ['colcon_pkg']
[0.199s] Level 1:colcon.colcon_core.package_identification:_identify(src/qt_ground_station_ros1) by extension 'colcon_pkg'
[0.199s] Level 1:colcon.colcon_core.package_identification:_identify(src/qt_ground_station_ros1) by extensions ['colcon_meta']
[0.199s] Level 1:colcon.colcon_core.package_identification:_identify(src/qt_ground_station_ros1) by extension 'colcon_meta'
[0.199s] Level 1:colcon.colcon_core.package_identification:_identify(src/qt_ground_station_ros1) by extensions ['ros']
[0.199s] Level 1:colcon.colcon_core.package_identification:_identify(src/qt_ground_station_ros1) by extension 'ros'
[0.200s] DEBUG:colcon.colcon_core.package_identification:Package 'src/qt_ground_station_ros1' with type 'ros.catkin' and name 'qt_ground_station_ros1'
[0.200s] Level 1:colcon.colcon_core.package_discovery:discover_packages(recursive) using defaults
[0.200s] Level 1:colcon.colcon_core.package_discovery:discover_packages(ignore) discover
[0.200s] Level 1:colcon.colcon_core.package_discovery:discover_packages(ignore) using defaults
[0.200s] Level 1:colcon.colcon_core.package_discovery:discover_packages(path) discover
[0.200s] Level 1:colcon.colcon_core.package_discovery:discover_packages(path) using defaults
[0.217s] Level 1:colcon.colcon_core.package_discovery:discover_packages(prefix_path) check parameters
[0.217s] Level 1:colcon.colcon_core.package_discovery:discover_packages(prefix_path) discover
[0.219s] DEBUG:colcon.colcon_installed_package_information.package_discovery:Found 286 installed packages in /opt/ros/humble
[0.220s] Level 1:colcon.colcon_core.package_discovery:discover_packages(prefix_path) using defaults
[0.241s] Level 5:colcon.colcon_core.verb:set package 'optitrack_broadcast' build argument 'cmake_args' from command line to 'None'
[0.241s] Level 5:colcon.colcon_core.verb:set package 'optitrack_broadcast' build argument 'cmake_target' from command line to 'None'
[0.241s] Level 5:colcon.colcon_core.verb:set package 'optitrack_broadcast' build argument 'cmake_target_skip_unavailable' from command line to 'False'
[0.241s] Level 5:colcon.colcon_core.verb:set package 'optitrack_broadcast' build argument 'cmake_clean_cache' from command line to 'False'
[0.241s] Level 5:colcon.colcon_core.verb:set package 'optitrack_broadcast' build argument 'cmake_clean_first' from command line to 'False'
[0.241s] Level 5:colcon.colcon_core.verb:set package 'optitrack_broadcast' build argument 'cmake_force_configure' from command line to 'False'
[0.241s] Level 5:colcon.colcon_core.verb:set package 'optitrack_broadcast' build argument 'ament_cmake_args' from command line to 'None'
[0.241s] Level 5:colcon.colcon_core.verb:set package 'optitrack_broadcast' build argument 'catkin_cmake_args' from command line to 'None'
[0.241s] Level 5:colcon.colcon_core.verb:set package 'optitrack_broadcast' build argument 'catkin_skip_building_tests' from command line to 'False'
[0.241s] DEBUG:colcon.colcon_core.verb:Building package 'optitrack_broadcast' with the following arguments: {'ament_cmake_args': None, 'build_base': '/home/constantine/uav_payload_control/build/optitrack_broadcast', 'catkin_cmake_args': None, 'catkin_skip_building_tests': False, 'cmake_args': None, 'cmake_clean_cache': False, 'cmake_clean_first': False, 'cmake_force_configure': False, 'cmake_target': None, 'cmake_target_skip_unavailable': False, 'install_base': '/home/constantine/uav_payload_control/install/optitrack_broadcast', 'merge_install': False, 'path': '/home/constantine/uav_payload_control/src/optitrack_broadcast', 'symlink_install': False, 'test_result_base': None}
[0.241s] Level 5:colcon.colcon_core.verb:set package 'px4_command' build argument 'cmake_args' from command line to 'None'
[0.241s] Level 5:colcon.colcon_core.verb:set package 'px4_command' build argument 'cmake_target' from command line to 'None'
[0.241s] Level 5:colcon.colcon_core.verb:set package 'px4_command' build argument 'cmake_target_skip_unavailable' from command line to 'False'
[0.241s] Level 5:colcon.colcon_core.verb:set package 'px4_command' build argument 'cmake_clean_cache' from command line to 'False'
[0.241s] Level 5:colcon.colcon_core.verb:set package 'px4_command' build argument 'cmake_clean_first' from command line to 'False'
[0.241s] Level 5:colcon.colcon_core.verb:set package 'px4_command' build argument 'cmake_force_configure' from command line to 'False'
[0.241s] Level 5:colcon.colcon_core.verb:set package 'px4_command' build argument 'ament_cmake_args' from command line to 'None'
[0.241s] Level 5:colcon.colcon_core.verb:set package 'px4_command' build argument 'catkin_cmake_args' from command line to 'None'
[0.242s] Level 5:colcon.colcon_core.verb:set package 'px4_command' build argument 'catkin_skip_building_tests' from command line to 'False'
[0.242s] DEBUG:colcon.colcon_core.verb:Building package 'px4_command' with the following arguments: {'ament_cmake_args': None, 'build_base': '/home/constantine/uav_payload_control/build/px4_command', 'catkin_cmake_args': None, 'catkin_skip_building_tests': False, 'cmake_args': None, 'cmake_clean_cache': False, 'cmake_clean_first': False, 'cmake_force_configure': False, 'cmake_target': None, 'cmake_target_skip_unavailable': False, 'install_base': '/home/constantine/uav_payload_control/install/px4_command', 'merge_install': False, 'path': '/home/constantine/uav_payload_control/src/px4_command', 'symlink_install': False, 'test_result_base': None}
[0.242s] Level 5:colcon.colcon_core.verb:set package 'qt_ground_station' build argument 'cmake_args' from command line to 'None'
[0.242s] Level 5:colcon.colcon_core.verb:set package 'qt_ground_station' build argument 'cmake_target' from command line to 'None'
[0.242s] Level 5:colcon.colcon_core.verb:set package 'qt_ground_station' build argument 'cmake_target_skip_unavailable' from command line to 'False'
[0.242s] Level 5:colcon.colcon_core.verb:set package 'qt_ground_station' build argument 'cmake_clean_cache' from command line to 'False'
[0.242s] Level 5:colcon.colcon_core.verb:set package 'qt_ground_station' build argument 'cmake_clean_first' from command line to 'False'
[0.242s] Level 5:colcon.colcon_core.verb:set package 'qt_ground_station' build argument 'cmake_force_configure' from command line to 'False'
[0.242s] Level 5:colcon.colcon_core.verb:set package 'qt_ground_station' build argument 'ament_cmake_args' from command line to 'None'
[0.242s] Level 5:colcon.colcon_core.verb:set package 'qt_ground_station' build argument 'catkin_cmake_args' from command line to 'None'
[0.242s] Level 5:colcon.colcon_core.verb:set package 'qt_ground_station' build argument 'catkin_skip_building_tests' from command line to 'False'
[0.242s] DEBUG:colcon.colcon_core.verb:Building package 'qt_ground_station' with the following arguments: {'ament_cmake_args': None, 'build_base': '/home/constantine/uav_payload_control/build/qt_ground_station', 'catkin_cmake_args': None, 'catkin_skip_building_tests': False, 'cmake_args': None, 'cmake_clean_cache': False, 'cmake_clean_first': False, 'cmake_force_configure': False, 'cmake_target': None, 'cmake_target_skip_unavailable': False, 'install_base': '/home/constantine/uav_payload_control/install/qt_ground_station', 'merge_install': False, 'path': '/home/constantine/uav_payload_control/src/qt_ground_station', 'symlink_install': False, 'test_result_base': None}
[0.242s] Level 5:colcon.colcon_core.verb:set package 'qt_ground_station_ros1' build argument 'cmake_args' from command line to 'None'
[0.242s] Level 5:colcon.colcon_core.verb:set package 'qt_ground_station_ros1' build argument 'cmake_target' from command line to 'None'
[0.242s] Level 5:colcon.colcon_core.verb:set package 'qt_ground_station_ros1' build argument 'cmake_target_skip_unavailable' from command line to 'False'
[0.242s] Level 5:colcon.colcon_core.verb:set package 'qt_ground_station_ros1' build argument 'cmake_clean_cache' from command line to 'False'
[0.242s] Level 5:colcon.colcon_core.verb:set package 'qt_ground_station_ros1' build argument 'cmake_clean_first' from command line to 'False'
[0.242s] Level 5:colcon.colcon_core.verb:set package 'qt_ground_station_ros1' build argument 'cmake_force_configure' from command line to 'False'
[0.242s] Level 5:colcon.colcon_core.verb:set package 'qt_ground_station_ros1' build argument 'ament_cmake_args' from command line to 'None'
[0.242s] Level 5:colcon.colcon_core.verb:set package 'qt_ground_station_ros1' build argument 'catkin_cmake_args' from command line to 'None'
[0.242s] Level 5:colcon.colcon_core.verb:set package 'qt_ground_station_ros1' build argument 'catkin_skip_building_tests' from command line to 'False'
[0.242s] DEBUG:colcon.colcon_core.verb:Building package 'qt_ground_station_ros1' with the following arguments: {'ament_cmake_args': None, 'build_base': '/home/constantine/uav_payload_control/build/qt_ground_station_ros1', 'catkin_cmake_args': None, 'catkin_skip_building_tests': False, 'cmake_args': None, 'cmake_clean_cache': False, 'cmake_clean_first': False, 'cmake_force_configure': False, 'cmake_target': None, 'cmake_target_skip_unavailable': False, 'install_base': '/home/constantine/uav_payload_control/install/qt_ground_station_ros1', 'merge_install': False, 'path': '/home/constantine/uav_payload_control/src/qt_ground_station_ros1', 'symlink_install': False, 'test_result_base': None}
[0.242s] INFO:colcon.colcon_core.executor:Executing jobs using 'parallel' executor
[0.243s] DEBUG:colcon.colcon_parallel_executor.executor.parallel:run_until_complete
[0.243s] INFO:colcon.colcon_ros.task.catkin.build:Building ROS package in '/home/constantine/uav_payload_control/src/optitrack_broadcast' with build type 'catkin'
[0.243s] INFO:colcon.colcon_cmake.task.cmake.build:Building CMake package in '/home/constantine/uav_payload_control/src/optitrack_broadcast'
[0.244s] INFO:colcon.colcon_core.plugin_system:Skipping extension 'colcon_core.shell.bat': Not used on non-Windows systems
[0.244s] INFO:colcon.colcon_core.shell:Skip shell extension 'powershell' for command environment: Not usable outside of PowerShell
[0.244s] DEBUG:colcon.colcon_core.shell:Skip shell extension 'dsv' for command environment
[0.245s] DEBUG:colcon.colcon_core.shell:Ignoring prefix path '/home/constantine/uav_payload_control/devel'
[0.246s] INFO:colcon.colcon_ros.task.catkin.build:Building ROS package in '/home/constantine/uav_payload_control/src/px4_command' with build type 'catkin'
[0.247s] INFO:colcon.colcon_cmake.task.cmake.build:Building CMake package in '/home/constantine/uav_payload_control/src/px4_command'
[0.247s] INFO:colcon.colcon_core.shell:Skip shell extension 'powershell' for command environment: Not usable outside of PowerShell
[0.247s] DEBUG:colcon.colcon_core.shell:Skip shell extension 'dsv' for command environment
[0.248s] DEBUG:colcon.colcon_core.shell:Ignoring prefix path '/home/constantine/uav_payload_control/devel'
[0.248s] INFO:colcon.colcon_ros.task.catkin.build:Building ROS package in '/home/constantine/uav_payload_control/src/qt_ground_station' with build type 'catkin'
[0.248s] INFO:colcon.colcon_cmake.task.cmake.build:Building CMake package in '/home/constantine/uav_payload_control/src/qt_ground_station'
[0.248s] INFO:colcon.colcon_core.shell:Skip shell extension 'powershell' for command environment: Not usable outside of PowerShell
[0.249s] DEBUG:colcon.colcon_core.shell:Skip shell extension 'dsv' for command environment
[0.249s] DEBUG:colcon.colcon_core.shell:Ignoring prefix path '/home/constantine/uav_payload_control/devel'
[0.250s] INFO:colcon.colcon_ros.task.catkin.build:Building ROS package in '/home/constantine/uav_payload_control/src/qt_ground_station_ros1' with build type 'catkin'
[0.250s] INFO:colcon.colcon_cmake.task.cmake.build:Building CMake package in '/home/constantine/uav_payload_control/src/qt_ground_station_ros1'
[0.250s] INFO:colcon.colcon_core.shell:Skip shell extension 'powershell' for command environment: Not usable outside of PowerShell
[0.250s] DEBUG:colcon.colcon_core.shell:Skip shell extension 'dsv' for command environment
[0.251s] DEBUG:colcon.colcon_core.shell:Ignoring prefix path '/home/constantine/uav_payload_control/devel'
[0.255s] DEBUG:colcon.colcon_core.event_handler.log_command:Invoking command in '/home/constantine/uav_payload_control/build/optitrack_broadcast': /usr/bin/cmake /home/constantine/uav_payload_control/src/optitrack_broadcast -DCATKIN_INSTALL_INTO_PREFIX_ROOT=0 -DCMAKE_INSTALL_PREFIX=/home/constantine/uav_payload_control/install/optitrack_broadcast
[0.257s] DEBUG:colcon.colcon_core.event_handler.log_command:Invoking command in '/home/constantine/uav_payload_control/build/px4_command': /usr/bin/cmake /home/constantine/uav_payload_control/src/px4_command -DCATKIN_INSTALL_INTO_PREFIX_ROOT=0 -DCMAKE_INSTALL_PREFIX=/home/constantine/uav_payload_control/install/px4_command
[0.257s] DEBUG:colcon.colcon_core.event_handler.log_command:Invoking command in '/home/constantine/uav_payload_control/build/qt_ground_station': /usr/bin/cmake /home/constantine/uav_payload_control/src/qt_ground_station -DCATKIN_INSTALL_INTO_PREFIX_ROOT=0 -DCMAKE_INSTALL_PREFIX=/home/constantine/uav_payload_control/install/qt_ground_station
[0.259s] DEBUG:colcon.colcon_core.event_handler.log_command:Invoking command in '/home/constantine/uav_payload_control/build/qt_ground_station_ros1': /usr/bin/cmake /home/constantine/uav_payload_control/src/qt_ground_station_ros1 -DCATKIN_INSTALL_INTO_PREFIX_ROOT=0 -DCMAKE_INSTALL_PREFIX=/home/constantine/uav_payload_control/install/qt_ground_station_ros1
[0.589s] DEBUG:colcon.colcon_core.event_handler.log_command:Invoked command in '/home/constantine/uav_payload_control/build/px4_command' returned '1': /usr/bin/cmake /home/constantine/uav_payload_control/src/px4_command -DCATKIN_INSTALL_INTO_PREFIX_ROOT=0 -DCMAKE_INSTALL_PREFIX=/home/constantine/uav_payload_control/install/px4_command
[0.590s] DEBUG:colcon.colcon_core.event_handler.log_command:Invoked command in '/home/constantine/uav_payload_control/build/qt_ground_station_ros1' returned '1': /usr/bin/cmake /home/constantine/uav_payload_control/src/qt_ground_station_ros1 -DCATKIN_INSTALL_INTO_PREFIX_ROOT=0 -DCMAKE_INSTALL_PREFIX=/home/constantine/uav_payload_control/install/qt_ground_station_ros1
[0.591s] DEBUG:colcon.colcon_core.event_handler.log_command:Invoked command in '/home/constantine/uav_payload_control/build/optitrack_broadcast' returned '1': /usr/bin/cmake /home/constantine/uav_payload_control/src/optitrack_broadcast -DCATKIN_INSTALL_INTO_PREFIX_ROOT=0 -DCMAKE_INSTALL_PREFIX=/home/constantine/uav_payload_control/install/optitrack_broadcast
[0.596s] Level 1:colcon.colcon_core.environment:create_environment_scripts_only(px4_command)
[0.597s] Level 1:colcon.colcon_core.environment:checking '/home/constantine/uav_payload_control/install/px4_command' for CMake module files
[0.597s] Level 1:colcon.colcon_core.environment:checking '/home/constantine/uav_payload_control/install/px4_command' for CMake config files
[0.597s] Level 1:colcon.colcon_core.environment:checking '/home/constantine/uav_payload_control/install/px4_command/bin'
[0.597s] Level 1:colcon.colcon_core.environment:checking '/home/constantine/uav_payload_control/install/px4_command/lib/pkgconfig/px4_command.pc'
[0.598s] Level 1:colcon.colcon_core.environment:checking '/home/constantine/uav_payload_control/install/px4_command/lib/python3.10/site-packages'
[0.598s] Level 1:colcon.colcon_core.environment:checking '/home/constantine/uav_payload_control/install/px4_command/bin'
[0.598s] INFO:colcon.colcon_core.shell:Creating package script '/home/constantine/uav_payload_control/install/px4_command/share/px4_command/package.ps1'
[0.598s] INFO:colcon.colcon_core.shell:Creating package descriptor '/home/constantine/uav_payload_control/install/px4_command/share/px4_command/package.dsv'
[0.599s] INFO:colcon.colcon_core.shell:Creating package script '/home/constantine/uav_payload_control/install/px4_command/share/px4_command/package.sh'
[0.599s] INFO:colcon.colcon_core.shell:Creating package script '/home/constantine/uav_payload_control/install/px4_command/share/px4_command/package.bash'
[0.599s] INFO:colcon.colcon_core.shell:Creating package script '/home/constantine/uav_payload_control/install/px4_command/share/px4_command/package.zsh'
[0.600s] Level 1:colcon.colcon_core.environment:create_file_with_runtime_dependencies(/home/constantine/uav_payload_control/install/px4_command/share/colcon-core/packages/px4_command)
[0.611s] DEBUG:colcon.colcon_parallel_executor.executor.parallel:closing loop
[0.611s] DEBUG:colcon.colcon_parallel_executor.executor.parallel:loop closed
[0.611s] DEBUG:colcon.colcon_parallel_executor.executor.parallel:run_until_complete finished with '1'
[0.611s] DEBUG:colcon.colcon_core.event_reactor:joining thread
[0.615s] INFO:colcon.colcon_core.plugin_system:Skipping extension 'colcon_notification.desktop_notification.terminal_notifier': Not used on non-Darwin systems
[0.615s] INFO:colcon.colcon_core.plugin_system:Skipping extension 'colcon_notification.desktop_notification.win32': Not used on non-Windows systems
[0.615s] INFO:colcon.colcon_notification.desktop_notification:Sending desktop notification using 'notify2'
[0.632s] DEBUG:colcon.colcon_core.event_reactor:joined thread
[0.633s] INFO:colcon.colcon_core.shell:Creating prefix script '/home/constantine/uav_payload_control/install/local_setup.ps1'
[0.634s] INFO:colcon.colcon_core.shell:Creating prefix util module '/home/constantine/uav_payload_control/install/_local_setup_util_ps1.py'
[0.635s] INFO:colcon.colcon_core.shell:Creating prefix chain script '/home/constantine/uav_payload_control/install/setup.ps1'
[0.637s] INFO:colcon.colcon_core.shell:Creating prefix script '/home/constantine/uav_payload_control/install/local_setup.sh'
[0.638s] INFO:colcon.colcon_core.shell:Creating prefix util module '/home/constantine/uav_payload_control/install/_local_setup_util_sh.py'
[0.639s] INFO:colcon.colcon_core.shell:Creating prefix chain script '/home/constantine/uav_payload_control/install/setup.sh'
[0.640s] INFO:colcon.colcon_core.shell:Creating prefix script '/home/constantine/uav_payload_control/install/local_setup.bash'
[0.640s] INFO:colcon.colcon_core.shell:Creating prefix chain script '/home/constantine/uav_payload_control/install/setup.bash'
[0.642s] INFO:colcon.colcon_core.shell:Creating prefix script '/home/constantine/uav_payload_control/install/local_setup.zsh'
[0.642s] INFO:colcon.colcon_core.shell:Creating prefix chain script '/home/constantine/uav_payload_control/install/setup.zsh'
