Symlinking /home/constantine/uav_payload_control/devel/include/optitrack_broadcast/Mocap.h
Symlinking /home/constantine/uav_payload_control/devel/lib/libMocap_emulator.so
Symlinking /home/constantine/uav_payload_control/devel/lib/libOptiTrackPublisher.so
Symlinking /home/constantine/uav_payload_control/devel/lib/libOptiTrackFeedbackRigidBody.so
Symlinking /home/constantine/uav_payload_control/devel/lib/python3/dist-packages/optitrack_broadcast/__init__.py
Symlinking /home/constantine/uav_payload_control/devel/lib/python3/dist-packages/optitrack_broadcast/msg/_Mocap.py
Symlinking /home/constantine/uav_payload_control/devel/lib/python3/dist-packages/optitrack_broadcast/msg/__init__.py
Symlinking /home/constantine/uav_payload_control/devel/lib/pkgconfig/optitrack_broadcast.pc
Symlinking /home/constantine/uav_payload_control/devel/lib/optitrack_broadcast/broadcast_position_velocity
Symlinking /home/constantine/uav_payload_control/devel/lib/optitrack_broadcast/emulator_position_velocity
Symlinking /home/constantine/uav_payload_control/devel/share/optitrack_broadcast/cmake/optitrack_broadcastConfig.cmake
Symlinking /home/constantine/uav_payload_control/devel/share/optitrack_broadcast/cmake/optitrack_broadcastConfig-version.cmake
Symlinking /home/constantine/uav_payload_control/devel/share/optitrack_broadcast/cmake/optitrack_broadcast-msg-paths.cmake
Symlinking /home/constantine/uav_payload_control/devel/share/optitrack_broadcast/cmake/optitrack_broadcast-msg-extras.cmake
Symlinking /home/constantine/uav_payload_control/devel/share/common-lisp/ros/optitrack_broadcast/msg/_package.lisp
Symlinking /home/constantine/uav_payload_control/devel/share/common-lisp/ros/optitrack_broadcast/msg/optitrack_broadcast-msg.asd
Symlinking /home/constantine/uav_payload_control/devel/share/common-lisp/ros/optitrack_broadcast/msg/_package_Mocap.lisp
Symlinking /home/constantine/uav_payload_control/devel/share/common-lisp/ros/optitrack_broadcast/msg/Mocap.lisp
Symlinking /home/constantine/uav_payload_control/devel/share/roseus/ros/optitrack_broadcast/manifest.l
Symlinking /home/constantine/uav_payload_control/devel/share/roseus/ros/optitrack_broadcast/msg/Mocap.l
Symlinking /home/constantine/uav_payload_control/devel/share/gennodejs/ros/optitrack_broadcast/_index.js
Symlinking /home/constantine/uav_payload_control/devel/share/gennodejs/ros/optitrack_broadcast/msg/Mocap.js
Symlinking /home/constantine/uav_payload_control/devel/share/gennodejs/ros/optitrack_broadcast/msg/_index.js
