[35m[1mScanning dependencies of target geometry_msgs_generate_messages_cpp[0m
[35m[1mScanning dependencies of target _optitrack_broadcast_generate_messages_check_deps_Mocap[0m
[35m[1mScanning dependencies of target std_msgs_generate_messages_cpp[0m
[35m[1mScanning dependencies of target nav_msgs_generate_messages_cpp[0m
[35m[1mScanning dependencies of target std_msgs_generate_messages_nodejs[0m
[35m[1mScanning dependencies of target OptiTrackPublisher[0m
[35m[1mScanning dependencies of target geometry_msgs_generate_messages_eus[0m
[35m[1mScanning dependencies of target nav_msgs_generate_messages_nodejs[0m
[35m[1mScanning dependencies of target std_msgs_generate_messages_eus[0m
[35m[1mScanning dependencies of target nav_msgs_generate_messages_eus[0m
[35m[1mScanning dependencies of target std_msgs_generate_messages_py[0m
[35m[1mScanning dependencies of target OptiTrackFeedbackRigidBody[0m
[35m[1mScanning dependencies of target nav_msgs_generate_messages_py[0m
[35m[1mScanning dependencies of target geometry_msgs_generate_messages_py[0m
[35m[1mScanning dependencies of target Mocap_emulator[0m
[  0%] Built target geometry_msgs_generate_messages_cpp
[  0%] Built target std_msgs_generate_messages_nodejs
[  0%] Built target nav_msgs_generate_messages_cpp
[  0%] Built target std_msgs_generate_messages_cpp
[  0%] Built target geometry_msgs_generate_messages_eus
[  0%] Built target nav_msgs_generate_messages_nodejs
[  0%] Built target std_msgs_generate_messages_py
[  0%] Built target geometry_msgs_generate_messages_py
[  0%] Built target std_msgs_generate_messages_eus
[35m[1mScanning dependencies of target std_msgs_generate_messages_lisp[0m
[35m[1mScanning dependencies of target geometry_msgs_generate_messages_lisp[0m
[35m[1mScanning dependencies of target nav_msgs_generate_messages_lisp[0m
[  0%] Built target nav_msgs_generate_messages_eus
[  0%] Built target nav_msgs_generate_messages_py
[35m[1mScanning dependencies of target geometry_msgs_generate_messages_nodejs[0m
[  0%] Built target std_msgs_generate_messages_lisp
[  0%] Built target geometry_msgs_generate_messages_lisp
[  0%] Built target nav_msgs_generate_messages_lisp
[  0%] Built target geometry_msgs_generate_messages_nodejs
[  5%] [32mBuilding CXX object CMakeFiles/OptiTrackPublisher.dir/src/lib/OptiTrackPublisher.cpp.o[0m
[ 11%] [32mBuilding CXX object CMakeFiles/Mocap_emulator.dir/src/lib/Mocap_emulator.cpp.o[0m
[ 11%] Built target _optitrack_broadcast_generate_messages_check_deps_Mocap
[35m[1mScanning dependencies of target optitrack_broadcast_generate_messages_cpp[0m
[35m[1mScanning dependencies of target optitrack_broadcast_generate_messages_py[0m
[35m[1mScanning dependencies of target optitrack_broadcast_generate_messages_nodejs[0m
[ 17%] [32mBuilding CXX object CMakeFiles/OptiTrackFeedbackRigidBody.dir/src/lib/OptiTrackFeedBackRigidBody.cpp.o[0m
[35m[1mScanning dependencies of target optitrack_broadcast_generate_messages_eus[0m
[35m[1mScanning dependencies of target optitrack_broadcast_generate_messages_lisp[0m
[ 29%] [34m[1mGenerating C++ code from optitrack_broadcast/Mocap.msg[0m
[ 29%] [34m[1mGenerating Python from MSG optitrack_broadcast/Mocap[0m
[ 35%] [34m[1mGenerating EusLisp code from optitrack_broadcast/Mocap.msg[0m
[ 41%] [34m[1mGenerating Javascript code from optitrack_broadcast/Mocap.msg[0m
[ 47%] [34m[1mGenerating EusLisp manifest code for optitrack_broadcast[0m
[ 52%] [34m[1mGenerating Lisp code from optitrack_broadcast/Mocap.msg[0m
[ 52%] Built target optitrack_broadcast_generate_messages_nodejs
[ 52%] Built target optitrack_broadcast_generate_messages_lisp
[ 52%] Built target optitrack_broadcast_generate_messages_cpp
[35m[1mScanning dependencies of target optitrack_broadcast_gencpp[0m
[ 52%] Built target optitrack_broadcast_gencpp
[ 58%] [34m[1mGenerating Python msg __init__.py for optitrack_broadcast[0m
[ 58%] Built target optitrack_broadcast_generate_messages_py
[ 58%] Built target optitrack_broadcast_generate_messages_eus
[35m[1mScanning dependencies of target optitrack_broadcast_generate_messages[0m
[ 58%] Built target optitrack_broadcast_generate_messages
[ 64%] [32m[1mLinking CXX shared library /home/constantine/uav_payload_control/devel/.private/optitrack_broadcast/lib/libOptiTrackPublisher.so[0m
[ 64%] Built target OptiTrackPublisher
In file included from [01m[K/home/constantine/uav_payload_control/src/optitrack_broadcast/include/Mocap_emulator.h:8[m[K,
                 from [01m[K/home/constantine/uav_payload_control/src/optitrack_broadcast/src/lib/Mocap_emulator.cpp:1[m[K:
[01m[K/home/constantine/uav_payload_control/src/optitrack_broadcast/include/math_utils.h:[m[K In function ‘[01m[Kfloat sign_function(float)[m[K’:
[01m[K/home/constantine/uav_payload_control/src/optitrack_broadcast/include/math_utils.h:150:1:[m[K [01;35m[Kwarning: [m[Kcontrol reaches end of non-void function [[01;35m[K-Wreturn-type[m[K]
  150 | [01;35m[K}[m[K
      | [01;35m[K^[m[K
[ 70%] [32m[1mLinking CXX shared library /home/constantine/uav_payload_control/devel/.private/optitrack_broadcast/lib/libOptiTrackFeedbackRigidBody.so[0m
[ 70%] Built target OptiTrackFeedbackRigidBody
[35m[1mScanning dependencies of target broadcast_position_velocity[0m
[ 76%] [32mBuilding CXX object CMakeFiles/broadcast_position_velocity.dir/src/broadcast_position_velocity.cpp.o[0m
[ 82%] [32m[1mLinking CXX shared library /home/constantine/uav_payload_control/devel/.private/optitrack_broadcast/lib/libMocap_emulator.so[0m
[ 82%] Built target Mocap_emulator
[35m[1mScanning dependencies of target emulator_position_velocity[0m
[ 88%] [32mBuilding CXX object CMakeFiles/emulator_position_velocity.dir/src/emulator_position_velocity.cpp.o[0m
[ 94%] [32m[1mLinking CXX executable /home/constantine/uav_payload_control/devel/.private/optitrack_broadcast/lib/optitrack_broadcast/broadcast_position_velocity[0m
[ 94%] Built target broadcast_position_velocity
In file included from [01m[K/home/constantine/uav_payload_control/src/optitrack_broadcast/include/Mocap_emulator.h:8[m[K,
                 from [01m[K/home/constantine/uav_payload_control/src/optitrack_broadcast/src/emulator_position_velocity.cpp:4[m[K:
[01m[K/home/constantine/uav_payload_control/src/optitrack_broadcast/include/math_utils.h:[m[K In function ‘[01m[Kfloat sign_function(float)[m[K’:
[01m[K/home/constantine/uav_payload_control/src/optitrack_broadcast/include/math_utils.h:150:1:[m[K [01;35m[Kwarning: [m[Kcontrol reaches end of non-void function [[01;35m[K-Wreturn-type[m[K]
  150 | [01;35m[K}[m[K
      | [01;35m[K^[m[K
[100%] [32m[1mLinking CXX executable /home/constantine/uav_payload_control/devel/.private/optitrack_broadcast/lib/optitrack_broadcast/emulator_position_velocity[0m
[100%] Built target emulator_position_velocity
