[0.009s] Invoking command in '/home/constantine/uav_payload_control/build/qt_ground_station': /usr/bin/cmake /home/constantine/uav_payload_control/src/qt_ground_station -DCATKIN_INSTALL_INTO_PREFIX_ROOT=0 -DCMAKE_INSTALL_PREFIX=/home/constantine/uav_payload_control/install/qt_ground_station
[0.029s] [0mCMake Deprecation Warning at CMakeLists.txt:5 (cmake_minimum_required):
[0.029s]   Compatibility with CMake < 2.8.12 will be removed from a future version of
[0.029s]   CMake.
[0.029s] 
[0.029s]   Update the VERSION argument <min> value or use a ...<max> suffix to tell
[0.029s]   CMake that the project does not need compatibility with older versions.
[0.029s] 
[0.029s] [0m
[0.116s] -- The C compiler identification is GNU 11.4.0
[0.201s] -- The CXX compiler identification is GNU 11.4.0
[0.210s] -- Detecting C compiler ABI info
[0.259s] -- Detecting C compiler ABI info - done
[0.269s] -- Check for working C compiler: /usr/bin/cc - skipped
[0.269s] -- Detecting C compile features
[0.270s] -- Detecting C compile features - done
[0.274s] -- Detecting CXX compiler ABI info
[0.329s] -- Detecting CXX compiler ABI info - done
[0.338s] -- Check for working CXX compiler: /usr/bin/c++ - skipped
[0.338s] -- Detecting CXX compile features
[0.338s] -- Detecting CXX compile features - done
[0.346s] -- Configuring incomplete, errors occurred!
[0.346s] See also "/home/constantine/uav_payload_control/build/qt_ground_station/CMakeFiles/CMakeOutput.log".
[0.346s] [31mCMake Error at CMakeLists.txt:13 (find_package):
[0.346s]   By not providing "Findcatkin.cmake" in CMAKE_MODULE_PATH this project has
[0.346s]   asked CMake to find a package configuration file provided by "catkin", but
[0.346s]   CMake did not find one.
[0.346s] 
[0.346s]   Could not find a package configuration file provided by "catkin" with any
[0.346s]   of the following names:
[0.346s] 
[0.346s]     catkinConfig.cmake
[0.346s]     catkin-config.cmake
[0.346s] 
[0.346s]   Add the installation prefix of "catkin" to CMAKE_PREFIX_PATH or set
[0.346s]   "catkin_DIR" to a directory containing one of the above files.  If "catkin"
[0.347s]   provides a separate development package or SDK, be sure it has been
[0.347s]   installed.
[0.347s] 
[0.347s] [0m
