[0.007s] Invoking command in '/home/constantine/uav_payload_control/build/px4_command': CMAKE_PREFIX_PATH=/opt/ros/humble:${CMAKE_PREFIX_PATH} /usr/bin/cmake --build /home/constantine/uav_payload_control/build/px4_command -- -j16 -l16
[0.044s] Invoked command in '/home/constantine/uav_payload_control/build/px4_command' returned '0': CMAKE_PREFIX_PATH=/opt/ros/humble:${CMAKE_PREFIX_PATH} /usr/bin/cmake --build /home/constantine/uav_payload_control/build/px4_command -- -j16 -l16
[0.045s] Invoking command in '/home/constantine/uav_payload_control/build/px4_command': CMAKE_PREFIX_PATH=/opt/ros/humble:${CMAKE_PREFIX_PATH} /usr/bin/cmake --install /home/constantine/uav_payload_control/build/px4_command
[0.050s] -- Install configuration: ""
[0.050s] -- Up-to-date: /home/constantine/uav_payload_control/install/px4_command/share/ament_index/resource_index/package_run_dependencies/px4_command
[0.050s] -- Up-to-date: /home/constantine/uav_payload_control/install/px4_command/share/ament_index/resource_index/parent_prefix_path/px4_command
[0.050s] -- Up-to-date: /home/constantine/uav_payload_control/install/px4_command/share/px4_command/environment/ament_prefix_path.sh
[0.050s] -- Up-to-date: /home/constantine/uav_payload_control/install/px4_command/share/px4_command/environment/ament_prefix_path.dsv
[0.050s] -- Up-to-date: /home/constantine/uav_payload_control/install/px4_command/share/px4_command/environment/path.sh
[0.051s] -- Up-to-date: /home/constantine/uav_payload_control/install/px4_command/share/px4_command/environment/path.dsv
[0.051s] -- Up-to-date: /home/constantine/uav_payload_control/install/px4_command/share/px4_command/local_setup.bash
[0.051s] -- Up-to-date: /home/constantine/uav_payload_control/install/px4_command/share/px4_command/local_setup.sh
[0.051s] -- Up-to-date: /home/constantine/uav_payload_control/install/px4_command/share/px4_command/local_setup.zsh
[0.051s] -- Up-to-date: /home/constantine/uav_payload_control/install/px4_command/share/px4_command/local_setup.dsv
[0.051s] -- Up-to-date: /home/constantine/uav_payload_control/install/px4_command/share/px4_command/package.dsv
[0.051s] -- Up-to-date: /home/constantine/uav_payload_control/install/px4_command/share/ament_index/resource_index/packages/px4_command
[0.051s] -- Up-to-date: /home/constantine/uav_payload_control/install/px4_command/share/px4_command/cmake/px4_commandConfig.cmake
[0.051s] -- Up-to-date: /home/constantine/uav_payload_control/install/px4_command/share/px4_command/cmake/px4_commandConfig-version.cmake
[0.051s] -- Up-to-date: /home/constantine/uav_payload_control/install/px4_command/share/px4_command/package.xml
[0.064s] Invoked command in '/home/constantine/uav_payload_control/build/px4_command' returned '0': CMAKE_PREFIX_PATH=/opt/ros/humble:${CMAKE_PREFIX_PATH} /usr/bin/cmake --install /home/constantine/uav_payload_control/build/px4_command
