[0.063s] DEBUG:colcon:Command line arguments: ['/usr/bin/colcon', 'build']
[0.063s] DEBUG:colcon:Parsed command line arguments: Namespace(log_base=None, log_level=None, verb_name='build', build_base='build', install_base='install', merge_install=False, symlink_install=False, test_result_base=None, continue_on_error=False, executor='parallel', parallel_workers=16, event_handlers=None, ignore_user_meta=False, metas=['./colcon.meta'], base_paths=['.'], packages_ignore=None, packages_ignore_regex=None, paths=None, packages_up_to=None, packages_up_to_regex=None, packages_above=None, packages_above_and_dependencies=None, packages_above_depth=None, packages_select_by_dep=None, packages_skip_by_dep=None, packages_skip_up_to=None, packages_select_build_failed=False, packages_skip_build_finished=False, packages_select_test_failures=False, packages_skip_test_passed=False, packages_select=None, packages_skip=None, packages_select_regex=None, packages_skip_regex=None, packages_start=None, packages_end=None, allow_overriding=[], cmake_args=None, cmake_target=None, cmake_target_skip_unavailable=False, cmake_clean_cache=False, cmake_clean_first=False, cmake_force_configure=False, ament_cmake_args=None, catkin_cmake_args=None, catkin_skip_building_tests=False, verb_parser=<colcon_defaults.argument_parser.defaults.DefaultArgumentsDecorator object at 0x7533c6b2fe20>, verb_extension=<colcon_core.verb.build.BuildVerb object at 0x7533c6b2f8e0>, main=<bound method BuildVerb.main of <colcon_core.verb.build.BuildVerb object at 0x7533c6b2f8e0>>)
[0.157s] Level 1:colcon.colcon_core.package_discovery:discover_packages(colcon_meta) check parameters
[0.157s] Level 1:colcon.colcon_core.package_discovery:discover_packages(recursive) check parameters
[0.158s] Level 1:colcon.colcon_core.package_discovery:discover_packages(ignore) check parameters
[0.158s] Level 1:colcon.colcon_core.package_discovery:discover_packages(path) check parameters
[0.158s] Level 1:colcon.colcon_core.package_discovery:discover_packages(colcon_meta) discover
[0.158s] Level 1:colcon.colcon_core.package_discovery:discover_packages(recursive) discover
[0.158s] INFO:colcon.colcon_core.package_discovery:Crawling recursively for packages in '/home/constantine/uav_payload_control'
[0.158s] Level 1:colcon.colcon_core.package_identification:_identify(.) by extensions ['ignore', 'ignore_ament_install']
[0.158s] Level 1:colcon.colcon_core.package_identification:_identify(.) by extension 'ignore'
[0.158s] Level 1:colcon.colcon_core.package_identification:_identify(.) by extension 'ignore_ament_install'
[0.158s] Level 1:colcon.colcon_core.package_identification:_identify(.) by extensions ['colcon_pkg']
[0.158s] Level 1:colcon.colcon_core.package_identification:_identify(.) by extension 'colcon_pkg'
[0.158s] Level 1:colcon.colcon_core.package_identification:_identify(.) by extensions ['colcon_meta']
[0.158s] Level 1:colcon.colcon_core.package_identification:_identify(.) by extension 'colcon_meta'
[0.158s] Level 1:colcon.colcon_core.package_identification:_identify(.) by extensions ['ros']
[0.158s] Level 1:colcon.colcon_core.package_identification:_identify(.) by extension 'ros'
[0.168s] Level 1:colcon.colcon_core.package_identification:_identify(.) by extensions ['cmake', 'python']
[0.168s] Level 1:colcon.colcon_core.package_identification:_identify(.) by extension 'cmake'
[0.168s] Level 1:colcon.colcon_core.package_identification:_identify(.) by extension 'python'
[0.168s] Level 1:colcon.colcon_core.package_identification:_identify(.) by extensions ['python_setup_py']
[0.168s] Level 1:colcon.colcon_core.package_identification:_identify(.) by extension 'python_setup_py'
[0.168s] Level 1:colcon.colcon_core.package_identification:_identify(build) by extensions ['ignore', 'ignore_ament_install']
[0.168s] Level 1:colcon.colcon_core.package_identification:_identify(build) by extension 'ignore'
[0.169s] Level 1:colcon.colcon_core.package_identification:_identify(build) ignored
[0.169s] Level 1:colcon.colcon_core.package_identification:_identify(devel) by extensions ['ignore', 'ignore_ament_install']
[0.169s] Level 1:colcon.colcon_core.package_identification:_identify(devel) by extension 'ignore'
[0.169s] Level 1:colcon.colcon_core.package_identification:_identify(devel) by extension 'ignore_ament_install'
[0.169s] Level 1:colcon.colcon_core.package_identification:_identify(devel) ignored
[0.169s] Level 1:colcon.colcon_core.package_identification:_identify(install) by extensions ['ignore', 'ignore_ament_install']
[0.169s] Level 1:colcon.colcon_core.package_identification:_identify(install) by extension 'ignore'
[0.169s] Level 1:colcon.colcon_core.package_identification:_identify(install) ignored
[0.169s] Level 1:colcon.colcon_core.package_identification:_identify(log) by extensions ['ignore', 'ignore_ament_install']
[0.169s] Level 1:colcon.colcon_core.package_identification:_identify(log) by extension 'ignore'
[0.169s] Level 1:colcon.colcon_core.package_identification:_identify(log) ignored
[0.169s] Level 1:colcon.colcon_core.package_identification:_identify(src) by extensions ['ignore', 'ignore_ament_install']
[0.169s] Level 1:colcon.colcon_core.package_identification:_identify(src) by extension 'ignore'
[0.169s] Level 1:colcon.colcon_core.package_identification:_identify(src) by extension 'ignore_ament_install'
[0.169s] Level 1:colcon.colcon_core.package_identification:_identify(src) by extensions ['colcon_pkg']
[0.169s] Level 1:colcon.colcon_core.package_identification:_identify(src) by extension 'colcon_pkg'
[0.169s] Level 1:colcon.colcon_core.package_identification:_identify(src) by extensions ['colcon_meta']
[0.169s] Level 1:colcon.colcon_core.package_identification:_identify(src) by extension 'colcon_meta'
[0.169s] Level 1:colcon.colcon_core.package_identification:_identify(src) by extensions ['ros']
[0.169s] Level 1:colcon.colcon_core.package_identification:_identify(src) by extension 'ros'
[0.169s] Level 1:colcon.colcon_core.package_identification:_identify(src) by extensions ['cmake', 'python']
[0.169s] Level 1:colcon.colcon_core.package_identification:_identify(src) by extension 'cmake'
[0.169s] Level 1:colcon.colcon_core.package_identification:_identify(src) by extension 'python'
[0.169s] Level 1:colcon.colcon_core.package_identification:_identify(src) by extensions ['python_setup_py']
[0.169s] Level 1:colcon.colcon_core.package_identification:_identify(src) by extension 'python_setup_py'
[0.169s] Level 1:colcon.colcon_core.package_identification:_identify(src/optitrack_broadcast) by extensions ['ignore', 'ignore_ament_install']
[0.169s] Level 1:colcon.colcon_core.package_identification:_identify(src/optitrack_broadcast) by extension 'ignore'
[0.169s] Level 1:colcon.colcon_core.package_identification:_identify(src/optitrack_broadcast) by extension 'ignore_ament_install'
[0.169s] Level 1:colcon.colcon_core.package_identification:_identify(src/optitrack_broadcast) by extensions ['colcon_pkg']
[0.169s] Level 1:colcon.colcon_core.package_identification:_identify(src/optitrack_broadcast) by extension 'colcon_pkg'
[0.169s] Level 1:colcon.colcon_core.package_identification:_identify(src/optitrack_broadcast) by extensions ['colcon_meta']
[0.169s] Level 1:colcon.colcon_core.package_identification:_identify(src/optitrack_broadcast) by extension 'colcon_meta'
[0.170s] Level 1:colcon.colcon_core.package_identification:_identify(src/optitrack_broadcast) by extensions ['ros']
[0.170s] Level 1:colcon.colcon_core.package_identification:_identify(src/optitrack_broadcast) by extension 'ros'
[0.171s] DEBUG:colcon.colcon_core.package_identification:Package 'src/optitrack_broadcast' with type 'ros.ament_cmake' and name 'optitrack_broadcast'
[0.171s] Level 1:colcon.colcon_core.package_identification:_identify(src/px4_command) by extensions ['ignore', 'ignore_ament_install']
[0.172s] Level 1:colcon.colcon_core.package_identification:_identify(src/px4_command) by extension 'ignore'
[0.172s] Level 1:colcon.colcon_core.package_identification:_identify(src/px4_command) by extension 'ignore_ament_install'
[0.172s] Level 1:colcon.colcon_core.package_identification:_identify(src/px4_command) by extensions ['colcon_pkg']
[0.172s] Level 1:colcon.colcon_core.package_identification:_identify(src/px4_command) by extension 'colcon_pkg'
[0.172s] Level 1:colcon.colcon_core.package_identification:_identify(src/px4_command) by extensions ['colcon_meta']
[0.172s] Level 1:colcon.colcon_core.package_identification:_identify(src/px4_command) by extension 'colcon_meta'
[0.172s] Level 1:colcon.colcon_core.package_identification:_identify(src/px4_command) by extensions ['ros']
[0.172s] Level 1:colcon.colcon_core.package_identification:_identify(src/px4_command) by extension 'ros'
[0.172s] DEBUG:colcon.colcon_core.package_identification:Package 'src/px4_command' with type 'ros.ament_cmake' and name 'px4_command'
[0.172s] Level 1:colcon.colcon_core.package_identification:_identify(src/qt_ground_station) by extensions ['ignore', 'ignore_ament_install']
[0.172s] Level 1:colcon.colcon_core.package_identification:_identify(src/qt_ground_station) by extension 'ignore'
[0.172s] Level 1:colcon.colcon_core.package_identification:_identify(src/qt_ground_station) by extension 'ignore_ament_install'
[0.172s] Level 1:colcon.colcon_core.package_identification:_identify(src/qt_ground_station) by extensions ['colcon_pkg']
[0.172s] Level 1:colcon.colcon_core.package_identification:_identify(src/qt_ground_station) by extension 'colcon_pkg'
[0.172s] Level 1:colcon.colcon_core.package_identification:_identify(src/qt_ground_station) by extensions ['colcon_meta']
[0.172s] Level 1:colcon.colcon_core.package_identification:_identify(src/qt_ground_station) by extension 'colcon_meta'
[0.172s] Level 1:colcon.colcon_core.package_identification:_identify(src/qt_ground_station) by extensions ['ros']
[0.172s] Level 1:colcon.colcon_core.package_identification:_identify(src/qt_ground_station) by extension 'ros'
[0.173s] DEBUG:colcon.colcon_core.package_identification:Package 'src/qt_ground_station' with type 'ros.ament_cmake' and name 'qt_ground_station'
[0.173s] Level 1:colcon.colcon_core.package_discovery:discover_packages(recursive) using defaults
[0.173s] Level 1:colcon.colcon_core.package_discovery:discover_packages(ignore) discover
[0.173s] Level 1:colcon.colcon_core.package_discovery:discover_packages(ignore) using defaults
[0.173s] Level 1:colcon.colcon_core.package_discovery:discover_packages(path) discover
[0.173s] Level 1:colcon.colcon_core.package_discovery:discover_packages(path) using defaults
[0.190s] Level 1:colcon.colcon_core.package_discovery:discover_packages(prefix_path) check parameters
[0.190s] Level 1:colcon.colcon_core.package_discovery:discover_packages(prefix_path) discover
[0.191s] DEBUG:colcon.colcon_installed_package_information.package_discovery:Found 292 installed packages in /opt/ros/humble
[0.192s] Level 1:colcon.colcon_core.package_discovery:discover_packages(prefix_path) using defaults
[0.213s] Level 5:colcon.colcon_core.verb:set package 'optitrack_broadcast' build argument 'cmake_args' from command line to 'None'
[0.213s] Level 5:colcon.colcon_core.verb:set package 'optitrack_broadcast' build argument 'cmake_target' from command line to 'None'
[0.213s] Level 5:colcon.colcon_core.verb:set package 'optitrack_broadcast' build argument 'cmake_target_skip_unavailable' from command line to 'False'
[0.213s] Level 5:colcon.colcon_core.verb:set package 'optitrack_broadcast' build argument 'cmake_clean_cache' from command line to 'False'
[0.213s] Level 5:colcon.colcon_core.verb:set package 'optitrack_broadcast' build argument 'cmake_clean_first' from command line to 'False'
[0.213s] Level 5:colcon.colcon_core.verb:set package 'optitrack_broadcast' build argument 'cmake_force_configure' from command line to 'False'
[0.213s] Level 5:colcon.colcon_core.verb:set package 'optitrack_broadcast' build argument 'ament_cmake_args' from command line to 'None'
[0.213s] Level 5:colcon.colcon_core.verb:set package 'optitrack_broadcast' build argument 'catkin_cmake_args' from command line to 'None'
[0.213s] Level 5:colcon.colcon_core.verb:set package 'optitrack_broadcast' build argument 'catkin_skip_building_tests' from command line to 'False'
[0.213s] DEBUG:colcon.colcon_core.verb:Building package 'optitrack_broadcast' with the following arguments: {'ament_cmake_args': None, 'build_base': '/home/constantine/uav_payload_control/build/optitrack_broadcast', 'catkin_cmake_args': None, 'catkin_skip_building_tests': False, 'cmake_args': None, 'cmake_clean_cache': False, 'cmake_clean_first': False, 'cmake_force_configure': False, 'cmake_target': None, 'cmake_target_skip_unavailable': False, 'install_base': '/home/constantine/uav_payload_control/install/optitrack_broadcast', 'merge_install': False, 'path': '/home/constantine/uav_payload_control/src/optitrack_broadcast', 'symlink_install': False, 'test_result_base': None}
[0.213s] Level 5:colcon.colcon_core.verb:set package 'px4_command' build argument 'cmake_args' from command line to 'None'
[0.213s] Level 5:colcon.colcon_core.verb:set package 'px4_command' build argument 'cmake_target' from command line to 'None'
[0.213s] Level 5:colcon.colcon_core.verb:set package 'px4_command' build argument 'cmake_target_skip_unavailable' from command line to 'False'
[0.213s] Level 5:colcon.colcon_core.verb:set package 'px4_command' build argument 'cmake_clean_cache' from command line to 'False'
[0.213s] Level 5:colcon.colcon_core.verb:set package 'px4_command' build argument 'cmake_clean_first' from command line to 'False'
[0.213s] Level 5:colcon.colcon_core.verb:set package 'px4_command' build argument 'cmake_force_configure' from command line to 'False'
[0.213s] Level 5:colcon.colcon_core.verb:set package 'px4_command' build argument 'ament_cmake_args' from command line to 'None'
[0.213s] Level 5:colcon.colcon_core.verb:set package 'px4_command' build argument 'catkin_cmake_args' from command line to 'None'
[0.213s] Level 5:colcon.colcon_core.verb:set package 'px4_command' build argument 'catkin_skip_building_tests' from command line to 'False'
[0.213s] DEBUG:colcon.colcon_core.verb:Building package 'px4_command' with the following arguments: {'ament_cmake_args': None, 'build_base': '/home/constantine/uav_payload_control/build/px4_command', 'catkin_cmake_args': None, 'catkin_skip_building_tests': False, 'cmake_args': None, 'cmake_clean_cache': False, 'cmake_clean_first': False, 'cmake_force_configure': False, 'cmake_target': None, 'cmake_target_skip_unavailable': False, 'install_base': '/home/constantine/uav_payload_control/install/px4_command', 'merge_install': False, 'path': '/home/constantine/uav_payload_control/src/px4_command', 'symlink_install': False, 'test_result_base': None}
[0.214s] Level 5:colcon.colcon_core.verb:set package 'qt_ground_station' build argument 'cmake_args' from command line to 'None'
[0.214s] Level 5:colcon.colcon_core.verb:set package 'qt_ground_station' build argument 'cmake_target' from command line to 'None'
[0.214s] Level 5:colcon.colcon_core.verb:set package 'qt_ground_station' build argument 'cmake_target_skip_unavailable' from command line to 'False'
[0.214s] Level 5:colcon.colcon_core.verb:set package 'qt_ground_station' build argument 'cmake_clean_cache' from command line to 'False'
[0.214s] Level 5:colcon.colcon_core.verb:set package 'qt_ground_station' build argument 'cmake_clean_first' from command line to 'False'
[0.214s] Level 5:colcon.colcon_core.verb:set package 'qt_ground_station' build argument 'cmake_force_configure' from command line to 'False'
[0.214s] Level 5:colcon.colcon_core.verb:set package 'qt_ground_station' build argument 'ament_cmake_args' from command line to 'None'
[0.214s] Level 5:colcon.colcon_core.verb:set package 'qt_ground_station' build argument 'catkin_cmake_args' from command line to 'None'
[0.214s] Level 5:colcon.colcon_core.verb:set package 'qt_ground_station' build argument 'catkin_skip_building_tests' from command line to 'False'
[0.214s] DEBUG:colcon.colcon_core.verb:Building package 'qt_ground_station' with the following arguments: {'ament_cmake_args': None, 'build_base': '/home/constantine/uav_payload_control/build/qt_ground_station', 'catkin_cmake_args': None, 'catkin_skip_building_tests': False, 'cmake_args': None, 'cmake_clean_cache': False, 'cmake_clean_first': False, 'cmake_force_configure': False, 'cmake_target': None, 'cmake_target_skip_unavailable': False, 'install_base': '/home/constantine/uav_payload_control/install/qt_ground_station', 'merge_install': False, 'path': '/home/constantine/uav_payload_control/src/qt_ground_station', 'symlink_install': False, 'test_result_base': None}
[0.214s] INFO:colcon.colcon_core.executor:Executing jobs using 'parallel' executor
[0.215s] DEBUG:colcon.colcon_parallel_executor.executor.parallel:run_until_complete
[0.215s] INFO:colcon.colcon_ros.task.ament_cmake.build:Building ROS package in '/home/constantine/uav_payload_control/src/optitrack_broadcast' with build type 'ament_cmake'
[0.215s] INFO:colcon.colcon_cmake.task.cmake.build:Building CMake package in '/home/constantine/uav_payload_control/src/optitrack_broadcast'
[0.216s] INFO:colcon.colcon_core.plugin_system:Skipping extension 'colcon_core.shell.bat': Not used on non-Windows systems
[0.216s] INFO:colcon.colcon_core.shell:Skip shell extension 'powershell' for command environment: Not usable outside of PowerShell
[0.216s] DEBUG:colcon.colcon_core.shell:Skip shell extension 'dsv' for command environment
[0.217s] DEBUG:colcon.colcon_core.shell:Ignoring prefix path '/home/constantine/uav_payload_control/devel'
[0.218s] INFO:colcon.colcon_ros.task.ament_cmake.build:Building ROS package in '/home/constantine/uav_payload_control/src/px4_command' with build type 'ament_cmake'
[0.218s] INFO:colcon.colcon_cmake.task.cmake.build:Building CMake package in '/home/constantine/uav_payload_control/src/px4_command'
[0.218s] INFO:colcon.colcon_core.shell:Skip shell extension 'powershell' for command environment: Not usable outside of PowerShell
[0.218s] DEBUG:colcon.colcon_core.shell:Skip shell extension 'dsv' for command environment
[0.219s] DEBUG:colcon.colcon_core.shell:Ignoring prefix path '/home/constantine/uav_payload_control/devel'
[0.220s] INFO:colcon.colcon_ros.task.ament_cmake.build:Building ROS package in '/home/constantine/uav_payload_control/src/qt_ground_station' with build type 'ament_cmake'
[0.220s] INFO:colcon.colcon_cmake.task.cmake.build:Building CMake package in '/home/constantine/uav_payload_control/src/qt_ground_station'
[0.220s] INFO:colcon.colcon_core.shell:Skip shell extension 'powershell' for command environment: Not usable outside of PowerShell
[0.220s] DEBUG:colcon.colcon_core.shell:Skip shell extension 'dsv' for command environment
[0.221s] DEBUG:colcon.colcon_core.shell:Ignoring prefix path '/home/constantine/uav_payload_control/devel'
[0.225s] DEBUG:colcon.colcon_core.event_handler.log_command:Invoking command in '/home/constantine/uav_payload_control/build/optitrack_broadcast': CMAKE_PREFIX_PATH=/opt/ros/humble:${CMAKE_PREFIX_PATH} /usr/bin/cmake --build /home/constantine/uav_payload_control/build/optitrack_broadcast -- -j16 -l16
[0.226s] DEBUG:colcon.colcon_core.event_handler.log_command:Invoking command in '/home/constantine/uav_payload_control/build/px4_command': CMAKE_PREFIX_PATH=/opt/ros/humble:${CMAKE_PREFIX_PATH} /usr/bin/cmake --build /home/constantine/uav_payload_control/build/px4_command -- -j16 -l16
[0.238s] DEBUG:colcon.colcon_core.event_handler.log_command:Invoking command in '/home/constantine/uav_payload_control/build/qt_ground_station': CMAKE_PREFIX_PATH=/opt/ros/humble:${CMAKE_PREFIX_PATH} /usr/bin/cmake --build /home/constantine/uav_payload_control/build/qt_ground_station -- -j16 -l16
[0.254s] DEBUG:colcon.colcon_core.event_handler.log_command:Invoked command in '/home/constantine/uav_payload_control/build/px4_command' returned '0': CMAKE_PREFIX_PATH=/opt/ros/humble:${CMAKE_PREFIX_PATH} /usr/bin/cmake --build /home/constantine/uav_payload_control/build/px4_command -- -j16 -l16
[0.260s] DEBUG:colcon.colcon_core.event_handler.log_command:Invoking command in '/home/constantine/uav_payload_control/build/px4_command': CMAKE_PREFIX_PATH=/opt/ros/humble:${CMAKE_PREFIX_PATH} /usr/bin/cmake --install /home/constantine/uav_payload_control/build/px4_command
[0.261s] DEBUG:colcon.colcon_core.event_handler.log_command:Invoked command in '/home/constantine/uav_payload_control/build/optitrack_broadcast' returned '0': CMAKE_PREFIX_PATH=/opt/ros/humble:${CMAKE_PREFIX_PATH} /usr/bin/cmake --build /home/constantine/uav_payload_control/build/optitrack_broadcast -- -j16 -l16
[0.262s] DEBUG:colcon.colcon_core.event_handler.log_command:Invoking command in '/home/constantine/uav_payload_control/build/optitrack_broadcast': CMAKE_PREFIX_PATH=/opt/ros/humble:${CMAKE_PREFIX_PATH} /usr/bin/cmake --install /home/constantine/uav_payload_control/build/optitrack_broadcast
[0.265s] DEBUG:colcon.colcon_core.event_handler.log_command:Invoked command in '/home/constantine/uav_payload_control/build/qt_ground_station' returned '0': CMAKE_PREFIX_PATH=/opt/ros/humble:${CMAKE_PREFIX_PATH} /usr/bin/cmake --build /home/constantine/uav_payload_control/build/qt_ground_station -- -j16 -l16
[0.265s] DEBUG:colcon.colcon_core.event_handler.log_command:Invoking command in '/home/constantine/uav_payload_control/build/qt_ground_station': CMAKE_PREFIX_PATH=/opt/ros/humble:${CMAKE_PREFIX_PATH} /usr/bin/cmake --install /home/constantine/uav_payload_control/build/qt_ground_station
[0.267s] Level 1:colcon.colcon_core.environment:create_environment_scripts_only(px4_command)
[0.268s] DEBUG:colcon.colcon_core.event_handler.log_command:Invoked command in '/home/constantine/uav_payload_control/build/px4_command' returned '0': CMAKE_PREFIX_PATH=/opt/ros/humble:${CMAKE_PREFIX_PATH} /usr/bin/cmake --install /home/constantine/uav_payload_control/build/px4_command
[0.271s] Level 1:colcon.colcon_core.environment:checking '/home/constantine/uav_payload_control/install/px4_command' for CMake module files
[0.272s] Level 1:colcon.colcon_core.environment:checking '/home/constantine/uav_payload_control/install/px4_command' for CMake config files
[0.272s] Level 1:colcon.colcon_core.shell:create_environment_hook('px4_command', 'cmake_prefix_path')
[0.273s] INFO:colcon.colcon_core.shell:Creating environment hook '/home/constantine/uav_payload_control/install/px4_command/share/px4_command/hook/cmake_prefix_path.ps1'
[0.273s] INFO:colcon.colcon_core.shell:Creating environment descriptor '/home/constantine/uav_payload_control/install/px4_command/share/px4_command/hook/cmake_prefix_path.dsv'
[0.273s] INFO:colcon.colcon_core.shell:Creating environment hook '/home/constantine/uav_payload_control/install/px4_command/share/px4_command/hook/cmake_prefix_path.sh'
[0.274s] Level 1:colcon.colcon_core.environment:checking '/home/constantine/uav_payload_control/install/px4_command/bin'
[0.274s] Level 1:colcon.colcon_core.environment:checking '/home/constantine/uav_payload_control/install/px4_command/lib/pkgconfig/px4_command.pc'
[0.274s] Level 1:colcon.colcon_core.environment:checking '/home/constantine/uav_payload_control/install/px4_command/lib/python3.10/site-packages'
[0.274s] Level 1:colcon.colcon_core.environment:checking '/home/constantine/uav_payload_control/install/px4_command/bin'
[0.274s] INFO:colcon.colcon_core.shell:Creating package script '/home/constantine/uav_payload_control/install/px4_command/share/px4_command/package.ps1'
[0.275s] INFO:colcon.colcon_core.shell:Creating package descriptor '/home/constantine/uav_payload_control/install/px4_command/share/px4_command/package.dsv'
[0.275s] INFO:colcon.colcon_core.shell:Creating package script '/home/constantine/uav_payload_control/install/px4_command/share/px4_command/package.sh'
[0.276s] INFO:colcon.colcon_core.shell:Creating package script '/home/constantine/uav_payload_control/install/px4_command/share/px4_command/package.bash'
[0.276s] INFO:colcon.colcon_core.shell:Creating package script '/home/constantine/uav_payload_control/install/px4_command/share/px4_command/package.zsh'
[0.277s] Level 1:colcon.colcon_core.environment:create_file_with_runtime_dependencies(/home/constantine/uav_payload_control/install/px4_command/share/colcon-core/packages/px4_command)
[0.277s] Level 1:colcon.colcon_core.environment:create_environment_scripts_only(px4_command)
[0.277s] Level 1:colcon.colcon_core.environment:checking '/home/constantine/uav_payload_control/install/px4_command' for CMake module files
[0.277s] Level 1:colcon.colcon_core.environment:checking '/home/constantine/uav_payload_control/install/px4_command' for CMake config files
[0.278s] Level 1:colcon.colcon_core.shell:create_environment_hook('px4_command', 'cmake_prefix_path')
[0.278s] INFO:colcon.colcon_core.shell:Creating environment hook '/home/constantine/uav_payload_control/install/px4_command/share/px4_command/hook/cmake_prefix_path.ps1'
[0.278s] INFO:colcon.colcon_core.shell:Creating environment descriptor '/home/constantine/uav_payload_control/install/px4_command/share/px4_command/hook/cmake_prefix_path.dsv'
[0.278s] INFO:colcon.colcon_core.shell:Creating environment hook '/home/constantine/uav_payload_control/install/px4_command/share/px4_command/hook/cmake_prefix_path.sh'
[0.278s] Level 1:colcon.colcon_core.environment:checking '/home/constantine/uav_payload_control/install/px4_command/bin'
[0.279s] Level 1:colcon.colcon_core.environment:checking '/home/constantine/uav_payload_control/install/px4_command/lib/pkgconfig/px4_command.pc'
[0.279s] Level 1:colcon.colcon_core.environment:checking '/home/constantine/uav_payload_control/install/px4_command/lib/python3.10/site-packages'
[0.279s] Level 1:colcon.colcon_core.environment:checking '/home/constantine/uav_payload_control/install/px4_command/bin'
[0.279s] INFO:colcon.colcon_core.shell:Creating package script '/home/constantine/uav_payload_control/install/px4_command/share/px4_command/package.ps1'
[0.279s] INFO:colcon.colcon_core.shell:Creating package descriptor '/home/constantine/uav_payload_control/install/px4_command/share/px4_command/package.dsv'
[0.279s] INFO:colcon.colcon_core.shell:Creating package script '/home/constantine/uav_payload_control/install/px4_command/share/px4_command/package.sh'
[0.280s] INFO:colcon.colcon_core.shell:Creating package script '/home/constantine/uav_payload_control/install/px4_command/share/px4_command/package.bash'
[0.280s] INFO:colcon.colcon_core.shell:Creating package script '/home/constantine/uav_payload_control/install/px4_command/share/px4_command/package.zsh'
[0.280s] Level 1:colcon.colcon_core.environment:create_file_with_runtime_dependencies(/home/constantine/uav_payload_control/install/px4_command/share/colcon-core/packages/px4_command)
[0.281s] Level 1:colcon.colcon_core.environment:create_environment_scripts_only(qt_ground_station)
[0.281s] Level 1:colcon.colcon_core.environment:checking '/home/constantine/uav_payload_control/install/qt_ground_station' for CMake module files
[0.281s] DEBUG:colcon.colcon_core.event_handler.log_command:Invoked command in '/home/constantine/uav_payload_control/build/qt_ground_station' returned '0': CMAKE_PREFIX_PATH=/opt/ros/humble:${CMAKE_PREFIX_PATH} /usr/bin/cmake --install /home/constantine/uav_payload_control/build/qt_ground_station
[0.281s] Level 1:colcon.colcon_core.environment:checking '/home/constantine/uav_payload_control/install/qt_ground_station' for CMake config files
[0.282s] Level 1:colcon.colcon_core.shell:create_environment_hook('qt_ground_station', 'cmake_prefix_path')
[0.282s] INFO:colcon.colcon_core.shell:Creating environment hook '/home/constantine/uav_payload_control/install/qt_ground_station/share/qt_ground_station/hook/cmake_prefix_path.ps1'
[0.282s] INFO:colcon.colcon_core.shell:Creating environment descriptor '/home/constantine/uav_payload_control/install/qt_ground_station/share/qt_ground_station/hook/cmake_prefix_path.dsv'
[0.282s] INFO:colcon.colcon_core.shell:Creating environment hook '/home/constantine/uav_payload_control/install/qt_ground_station/share/qt_ground_station/hook/cmake_prefix_path.sh'
[0.282s] Level 1:colcon.colcon_core.environment:checking '/home/constantine/uav_payload_control/install/qt_ground_station/bin'
[0.283s] Level 1:colcon.colcon_core.environment:checking '/home/constantine/uav_payload_control/install/qt_ground_station/lib/pkgconfig/qt_ground_station.pc'
[0.283s] Level 1:colcon.colcon_core.environment:checking '/home/constantine/uav_payload_control/install/qt_ground_station/lib/python3.10/site-packages'
[0.283s] Level 1:colcon.colcon_core.environment:checking '/home/constantine/uav_payload_control/install/qt_ground_station/bin'
[0.283s] INFO:colcon.colcon_core.shell:Creating package script '/home/constantine/uav_payload_control/install/qt_ground_station/share/qt_ground_station/package.ps1'
[0.283s] INFO:colcon.colcon_core.shell:Creating package descriptor '/home/constantine/uav_payload_control/install/qt_ground_station/share/qt_ground_station/package.dsv'
[0.283s] INFO:colcon.colcon_core.shell:Creating package script '/home/constantine/uav_payload_control/install/qt_ground_station/share/qt_ground_station/package.sh'
[0.284s] INFO:colcon.colcon_core.shell:Creating package script '/home/constantine/uav_payload_control/install/qt_ground_station/share/qt_ground_station/package.bash'
[0.284s] INFO:colcon.colcon_core.shell:Creating package script '/home/constantine/uav_payload_control/install/qt_ground_station/share/qt_ground_station/package.zsh'
[0.284s] Level 1:colcon.colcon_core.environment:create_file_with_runtime_dependencies(/home/constantine/uav_payload_control/install/qt_ground_station/share/colcon-core/packages/qt_ground_station)
[0.284s] Level 1:colcon.colcon_core.environment:create_environment_scripts_only(qt_ground_station)
[0.284s] Level 1:colcon.colcon_core.environment:checking '/home/constantine/uav_payload_control/install/qt_ground_station' for CMake module files
[0.285s] Level 1:colcon.colcon_core.environment:checking '/home/constantine/uav_payload_control/install/qt_ground_station' for CMake config files
[0.285s] Level 1:colcon.colcon_core.shell:create_environment_hook('qt_ground_station', 'cmake_prefix_path')
[0.285s] INFO:colcon.colcon_core.shell:Creating environment hook '/home/constantine/uav_payload_control/install/qt_ground_station/share/qt_ground_station/hook/cmake_prefix_path.ps1'
[0.285s] INFO:colcon.colcon_core.shell:Creating environment descriptor '/home/constantine/uav_payload_control/install/qt_ground_station/share/qt_ground_station/hook/cmake_prefix_path.dsv'
[0.285s] INFO:colcon.colcon_core.shell:Creating environment hook '/home/constantine/uav_payload_control/install/qt_ground_station/share/qt_ground_station/hook/cmake_prefix_path.sh'
[0.286s] Level 1:colcon.colcon_core.environment:checking '/home/constantine/uav_payload_control/install/qt_ground_station/bin'
[0.286s] Level 1:colcon.colcon_core.environment:checking '/home/constantine/uav_payload_control/install/qt_ground_station/lib/pkgconfig/qt_ground_station.pc'
[0.286s] Level 1:colcon.colcon_core.environment:checking '/home/constantine/uav_payload_control/install/qt_ground_station/lib/python3.10/site-packages'
[0.286s] Level 1:colcon.colcon_core.environment:checking '/home/constantine/uav_payload_control/install/qt_ground_station/bin'
[0.286s] INFO:colcon.colcon_core.shell:Creating package script '/home/constantine/uav_payload_control/install/qt_ground_station/share/qt_ground_station/package.ps1'
[0.286s] INFO:colcon.colcon_core.shell:Creating package descriptor '/home/constantine/uav_payload_control/install/qt_ground_station/share/qt_ground_station/package.dsv'
[0.286s] INFO:colcon.colcon_core.shell:Creating package script '/home/constantine/uav_payload_control/install/qt_ground_station/share/qt_ground_station/package.sh'
[0.287s] INFO:colcon.colcon_core.shell:Creating package script '/home/constantine/uav_payload_control/install/qt_ground_station/share/qt_ground_station/package.bash'
[0.287s] INFO:colcon.colcon_core.shell:Creating package script '/home/constantine/uav_payload_control/install/qt_ground_station/share/qt_ground_station/package.zsh'
[0.287s] Level 1:colcon.colcon_core.environment:create_file_with_runtime_dependencies(/home/constantine/uav_payload_control/install/qt_ground_station/share/colcon-core/packages/qt_ground_station)
[0.287s] Level 1:colcon.colcon_core.environment:create_environment_scripts_only(optitrack_broadcast)
[0.288s] Level 1:colcon.colcon_core.environment:checking '/home/constantine/uav_payload_control/install/optitrack_broadcast' for CMake module files
[0.288s] DEBUG:colcon.colcon_core.event_handler.log_command:Invoked command in '/home/constantine/uav_payload_control/build/optitrack_broadcast' returned '0': CMAKE_PREFIX_PATH=/opt/ros/humble:${CMAKE_PREFIX_PATH} /usr/bin/cmake --install /home/constantine/uav_payload_control/build/optitrack_broadcast
[0.288s] Level 1:colcon.colcon_core.environment:checking '/home/constantine/uav_payload_control/install/optitrack_broadcast' for CMake config files
[0.288s] Level 1:colcon.colcon_core.shell:create_environment_hook('optitrack_broadcast', 'cmake_prefix_path')
[0.288s] INFO:colcon.colcon_core.shell:Creating environment hook '/home/constantine/uav_payload_control/install/optitrack_broadcast/share/optitrack_broadcast/hook/cmake_prefix_path.ps1'
[0.288s] INFO:colcon.colcon_core.shell:Creating environment descriptor '/home/constantine/uav_payload_control/install/optitrack_broadcast/share/optitrack_broadcast/hook/cmake_prefix_path.dsv'
[0.289s] INFO:colcon.colcon_core.shell:Creating environment hook '/home/constantine/uav_payload_control/install/optitrack_broadcast/share/optitrack_broadcast/hook/cmake_prefix_path.sh'
[0.289s] Level 1:colcon.colcon_core.environment:checking '/home/constantine/uav_payload_control/install/optitrack_broadcast/bin'
[0.289s] Level 1:colcon.colcon_core.environment:checking '/home/constantine/uav_payload_control/install/optitrack_broadcast/lib/pkgconfig/optitrack_broadcast.pc'
[0.289s] Level 1:colcon.colcon_core.environment:checking '/home/constantine/uav_payload_control/install/optitrack_broadcast/lib/python3.10/site-packages'
[0.289s] Level 1:colcon.colcon_core.environment:checking '/home/constantine/uav_payload_control/install/optitrack_broadcast/bin'
[0.289s] INFO:colcon.colcon_core.shell:Creating package script '/home/constantine/uav_payload_control/install/optitrack_broadcast/share/optitrack_broadcast/package.ps1'
[0.290s] INFO:colcon.colcon_core.shell:Creating package descriptor '/home/constantine/uav_payload_control/install/optitrack_broadcast/share/optitrack_broadcast/package.dsv'
[0.290s] INFO:colcon.colcon_core.shell:Creating package script '/home/constantine/uav_payload_control/install/optitrack_broadcast/share/optitrack_broadcast/package.sh'
[0.290s] INFO:colcon.colcon_core.shell:Creating package script '/home/constantine/uav_payload_control/install/optitrack_broadcast/share/optitrack_broadcast/package.bash'
[0.290s] INFO:colcon.colcon_core.shell:Creating package script '/home/constantine/uav_payload_control/install/optitrack_broadcast/share/optitrack_broadcast/package.zsh'
[0.290s] Level 1:colcon.colcon_core.environment:create_file_with_runtime_dependencies(/home/constantine/uav_payload_control/install/optitrack_broadcast/share/colcon-core/packages/optitrack_broadcast)
[0.291s] Level 1:colcon.colcon_core.environment:create_environment_scripts_only(optitrack_broadcast)
[0.291s] Level 1:colcon.colcon_core.environment:checking '/home/constantine/uav_payload_control/install/optitrack_broadcast' for CMake module files
[0.291s] Level 1:colcon.colcon_core.environment:checking '/home/constantine/uav_payload_control/install/optitrack_broadcast' for CMake config files
[0.291s] Level 1:colcon.colcon_core.shell:create_environment_hook('optitrack_broadcast', 'cmake_prefix_path')
[0.291s] INFO:colcon.colcon_core.shell:Creating environment hook '/home/constantine/uav_payload_control/install/optitrack_broadcast/share/optitrack_broadcast/hook/cmake_prefix_path.ps1'
[0.291s] INFO:colcon.colcon_core.shell:Creating environment descriptor '/home/constantine/uav_payload_control/install/optitrack_broadcast/share/optitrack_broadcast/hook/cmake_prefix_path.dsv'
[0.292s] INFO:colcon.colcon_core.shell:Creating environment hook '/home/constantine/uav_payload_control/install/optitrack_broadcast/share/optitrack_broadcast/hook/cmake_prefix_path.sh'
[0.292s] Level 1:colcon.colcon_core.environment:checking '/home/constantine/uav_payload_control/install/optitrack_broadcast/bin'
[0.292s] Level 1:colcon.colcon_core.environment:checking '/home/constantine/uav_payload_control/install/optitrack_broadcast/lib/pkgconfig/optitrack_broadcast.pc'
[0.292s] Level 1:colcon.colcon_core.environment:checking '/home/constantine/uav_payload_control/install/optitrack_broadcast/lib/python3.10/site-packages'
[0.292s] Level 1:colcon.colcon_core.environment:checking '/home/constantine/uav_payload_control/install/optitrack_broadcast/bin'
[0.292s] INFO:colcon.colcon_core.shell:Creating package script '/home/constantine/uav_payload_control/install/optitrack_broadcast/share/optitrack_broadcast/package.ps1'
[0.293s] INFO:colcon.colcon_core.shell:Creating package descriptor '/home/constantine/uav_payload_control/install/optitrack_broadcast/share/optitrack_broadcast/package.dsv'
[0.293s] INFO:colcon.colcon_core.shell:Creating package script '/home/constantine/uav_payload_control/install/optitrack_broadcast/share/optitrack_broadcast/package.sh'
[0.293s] INFO:colcon.colcon_core.shell:Creating package script '/home/constantine/uav_payload_control/install/optitrack_broadcast/share/optitrack_broadcast/package.bash'
[0.293s] INFO:colcon.colcon_core.shell:Creating package script '/home/constantine/uav_payload_control/install/optitrack_broadcast/share/optitrack_broadcast/package.zsh'
[0.294s] Level 1:colcon.colcon_core.environment:create_file_with_runtime_dependencies(/home/constantine/uav_payload_control/install/optitrack_broadcast/share/colcon-core/packages/optitrack_broadcast)
[0.294s] DEBUG:colcon.colcon_parallel_executor.executor.parallel:closing loop
[0.294s] DEBUG:colcon.colcon_parallel_executor.executor.parallel:loop closed
[0.294s] DEBUG:colcon.colcon_parallel_executor.executor.parallel:run_until_complete finished with '0'
[0.294s] DEBUG:colcon.colcon_core.event_reactor:joining thread
[0.297s] INFO:colcon.colcon_core.plugin_system:Skipping extension 'colcon_notification.desktop_notification.terminal_notifier': Not used on non-Darwin systems
[0.297s] INFO:colcon.colcon_core.plugin_system:Skipping extension 'colcon_notification.desktop_notification.win32': Not used on non-Windows systems
[0.297s] INFO:colcon.colcon_notification.desktop_notification:Sending desktop notification using 'notify2'
[0.306s] DEBUG:colcon.colcon_core.event_reactor:joined thread
[0.306s] INFO:colcon.colcon_core.shell:Creating prefix script '/home/constantine/uav_payload_control/install/local_setup.ps1'
[0.306s] INFO:colcon.colcon_core.shell:Creating prefix util module '/home/constantine/uav_payload_control/install/_local_setup_util_ps1.py'
[0.307s] INFO:colcon.colcon_core.shell:Creating prefix chain script '/home/constantine/uav_payload_control/install/setup.ps1'
[0.308s] INFO:colcon.colcon_core.shell:Creating prefix script '/home/constantine/uav_payload_control/install/local_setup.sh'
[0.308s] INFO:colcon.colcon_core.shell:Creating prefix util module '/home/constantine/uav_payload_control/install/_local_setup_util_sh.py'
[0.309s] INFO:colcon.colcon_core.shell:Creating prefix chain script '/home/constantine/uav_payload_control/install/setup.sh'
[0.309s] INFO:colcon.colcon_core.shell:Creating prefix script '/home/constantine/uav_payload_control/install/local_setup.bash'
[0.309s] INFO:colcon.colcon_core.shell:Creating prefix chain script '/home/constantine/uav_payload_control/install/setup.bash'
[0.310s] INFO:colcon.colcon_core.shell:Creating prefix script '/home/constantine/uav_payload_control/install/local_setup.zsh'
[0.310s] INFO:colcon.colcon_core.shell:Creating prefix chain script '/home/constantine/uav_payload_control/install/setup.zsh'
