[0.008s] Invoking command in '/home/constantine/uav_payload_control/build/qt_ground_station': CMAKE_PREFIX_PATH=/opt/ros/humble:${CMAKE_PREFIX_PATH} /usr/bin/cmake --build /home/constantine/uav_payload_control/build/qt_ground_station -- -j16 -l16
[0.031s] Invoked command in '/home/constantine/uav_payload_control/build/qt_ground_station' returned '0': CMAKE_PREFIX_PATH=/opt/ros/humble:${CMAKE_PREFIX_PATH} /usr/bin/cmake --build /home/constantine/uav_payload_control/build/qt_ground_station -- -j16 -l16
[0.037s] Invoking command in '/home/constantine/uav_payload_control/build/qt_ground_station': CMAKE_PREFIX_PATH=/opt/ros/humble:${CMAKE_PREFIX_PATH} /usr/bin/cmake --install /home/constantine/uav_payload_control/build/qt_ground_station
[0.042s] -- Install configuration: ""
[0.042s] -- Up-to-date: /home/constantine/uav_payload_control/install/qt_ground_station/share/ament_index/resource_index/package_run_dependencies/qt_ground_station
[0.042s] -- Up-to-date: /home/constantine/uav_payload_control/install/qt_ground_station/share/ament_index/resource_index/parent_prefix_path/qt_ground_station
[0.042s] -- Up-to-date: /home/constantine/uav_payload_control/install/qt_ground_station/share/qt_ground_station/environment/ament_prefix_path.sh
[0.042s] -- Up-to-date: /home/constantine/uav_payload_control/install/qt_ground_station/share/qt_ground_station/environment/ament_prefix_path.dsv
[0.042s] -- Up-to-date: /home/constantine/uav_payload_control/install/qt_ground_station/share/qt_ground_station/environment/path.sh
[0.042s] -- Up-to-date: /home/constantine/uav_payload_control/install/qt_ground_station/share/qt_ground_station/environment/path.dsv
[0.042s] -- Up-to-date: /home/constantine/uav_payload_control/install/qt_ground_station/share/qt_ground_station/local_setup.bash
[0.042s] -- Up-to-date: /home/constantine/uav_payload_control/install/qt_ground_station/share/qt_ground_station/local_setup.sh
[0.042s] -- Up-to-date: /home/constantine/uav_payload_control/install/qt_ground_station/share/qt_ground_station/local_setup.zsh
[0.042s] -- Up-to-date: /home/constantine/uav_payload_control/install/qt_ground_station/share/qt_ground_station/local_setup.dsv
[0.042s] -- Up-to-date: /home/constantine/uav_payload_control/install/qt_ground_station/share/qt_ground_station/package.dsv
[0.042s] -- Up-to-date: /home/constantine/uav_payload_control/install/qt_ground_station/share/ament_index/resource_index/packages/qt_ground_station
[0.042s] -- Up-to-date: /home/constantine/uav_payload_control/install/qt_ground_station/share/qt_ground_station/cmake/qt_ground_stationConfig.cmake
[0.042s] -- Up-to-date: /home/constantine/uav_payload_control/install/qt_ground_station/share/qt_ground_station/cmake/qt_ground_stationConfig-version.cmake
[0.042s] -- Up-to-date: /home/constantine/uav_payload_control/install/qt_ground_station/share/qt_ground_station/package.xml
[0.043s] Invoked command in '/home/constantine/uav_payload_control/build/qt_ground_station' returned '0': CMAKE_PREFIX_PATH=/opt/ros/humble:${CMAKE_PREFIX_PATH} /usr/bin/cmake --install /home/constantine/uav_payload_control/build/qt_ground_station
