[0.009s] Invoking command in '/home/constantine/uav_payload_control/build/optitrack_broadcast': CMAKE_PREFIX_PATH=/opt/ros/humble:${CMAKE_PREFIX_PATH} /usr/bin/cmake /home/constantine/uav_payload_control/src/optitrack_broadcast -DCMAKE_INSTALL_PREFIX=/home/constantine/uav_payload_control/install/optitrack_broadcast
[0.019s] -- Found ament_cmake: 1.3.11 (/opt/ros/humble/share/ament_cmake/cmake)
[0.125s] -- Found Python3: /usr/bin/python3 (found version "3.10.12") found components: Interpreter 
[0.184s] -- Found ament_lint_auto: 0.12.12 (/opt/ros/humble/share/ament_lint_auto/cmake)
[0.237s] -- Added test 'lint_cmake' to check CMake code style
[0.237s] -- Added test 'xmllint' to check XML markup files
[0.237s] -- Configuring done
[0.239s] -- Generating done
[0.240s] -- Build files have been written to: /home/constantine/uav_payload_control/build/optitrack_broadcast
[0.241s] Invoked command in '/home/constantine/uav_payload_control/build/optitrack_broadcast' returned '0': CMAKE_PREFIX_PATH=/opt/ros/humble:${CMAKE_PREFIX_PATH} /usr/bin/cmake /home/constantine/uav_payload_control/src/optitrack_broadcast -DCMAKE_INSTALL_PREFIX=/home/constantine/uav_payload_control/install/optitrack_broadcast
[0.242s] Invoking command in '/home/constantine/uav_payload_control/build/optitrack_broadcast': CMAKE_PREFIX_PATH=/opt/ros/humble:${CMAKE_PREFIX_PATH} /usr/bin/cmake --build /home/constantine/uav_payload_control/build/optitrack_broadcast -- -j16 -l16
[0.290s] Invoked command in '/home/constantine/uav_payload_control/build/optitrack_broadcast' returned '0': CMAKE_PREFIX_PATH=/opt/ros/humble:${CMAKE_PREFIX_PATH} /usr/bin/cmake --build /home/constantine/uav_payload_control/build/optitrack_broadcast -- -j16 -l16
[0.292s] Invoking command in '/home/constantine/uav_payload_control/build/optitrack_broadcast': CMAKE_PREFIX_PATH=/opt/ros/humble:${CMAKE_PREFIX_PATH} /usr/bin/cmake --install /home/constantine/uav_payload_control/build/optitrack_broadcast
[0.300s] -- Install configuration: ""
[0.300s] -- Installing: /home/constantine/uav_payload_control/install/optitrack_broadcast/share/ament_index/resource_index/package_run_dependencies/optitrack_broadcast
[0.300s] -- Installing: /home/constantine/uav_payload_control/install/optitrack_broadcast/share/ament_index/resource_index/parent_prefix_path/optitrack_broadcast
[0.301s] -- Installing: /home/constantine/uav_payload_control/install/optitrack_broadcast/share/optitrack_broadcast/environment/ament_prefix_path.sh
[0.301s] -- Installing: /home/constantine/uav_payload_control/install/optitrack_broadcast/share/optitrack_broadcast/environment/ament_prefix_path.dsv
[0.301s] -- Installing: /home/constantine/uav_payload_control/install/optitrack_broadcast/share/optitrack_broadcast/environment/path.sh
[0.301s] -- Installing: /home/constantine/uav_payload_control/install/optitrack_broadcast/share/optitrack_broadcast/environment/path.dsv
[0.301s] -- Installing: /home/constantine/uav_payload_control/install/optitrack_broadcast/share/optitrack_broadcast/local_setup.bash
[0.301s] -- Installing: /home/constantine/uav_payload_control/install/optitrack_broadcast/share/optitrack_broadcast/local_setup.sh
[0.301s] -- Installing: /home/constantine/uav_payload_control/install/optitrack_broadcast/share/optitrack_broadcast/local_setup.zsh
[0.301s] -- Installing: /home/constantine/uav_payload_control/install/optitrack_broadcast/share/optitrack_broadcast/local_setup.dsv
[0.301s] -- Installing: /home/constantine/uav_payload_control/install/optitrack_broadcast/share/optitrack_broadcast/package.dsv
[0.301s] -- Installing: /home/constantine/uav_payload_control/install/optitrack_broadcast/share/ament_index/resource_index/packages/optitrack_broadcast
[0.302s] -- Installing: /home/constantine/uav_payload_control/install/optitrack_broadcast/share/optitrack_broadcast/cmake/optitrack_broadcastConfig.cmake
[0.302s] -- Installing: /home/constantine/uav_payload_control/install/optitrack_broadcast/share/optitrack_broadcast/cmake/optitrack_broadcastConfig-version.cmake
[0.302s] -- Installing: /home/constantine/uav_payload_control/install/optitrack_broadcast/share/optitrack_broadcast/package.xml
[0.304s] Invoked command in '/home/constantine/uav_payload_control/build/optitrack_broadcast' returned '0': CMAKE_PREFIX_PATH=/opt/ros/humble:${CMAKE_PREFIX_PATH} /usr/bin/cmake --install /home/constantine/uav_payload_control/build/optitrack_broadcast
