[0.007s] Invoking command in '/home/constantine/uav_payload_control/build/qt_ground_station': CMAKE_PREFIX_PATH=/opt/ros/humble:${CMAKE_PREFIX_PATH} /usr/bin/cmake /home/constantine/uav_payload_control/src/qt_ground_station -DCMAKE_INSTALL_PREFIX=/home/constantine/uav_payload_control/install/qt_ground_station
[0.025s] -- Found ament_cmake: 1.3.11 (/opt/ros/humble/share/ament_cmake/cmake)
[0.167s] -- Found Python3: /usr/bin/python3 (found version "3.10.12") found components: Interpreter 
[0.247s] -- Found ament_lint_auto: 0.12.12 (/opt/ros/humble/share/ament_lint_auto/cmake)
[0.313s] -- Added test 'lint_cmake' to check CMake code style
[0.315s] -- Added test 'xmllint' to check XML markup files
[0.316s] -- Configuring done
[0.318s] -- Generating done
[0.319s] -- Build files have been written to: /home/constantine/uav_payload_control/build/qt_ground_station
[0.322s] Invoked command in '/home/constantine/uav_payload_control/build/qt_ground_station' returned '0': CMAKE_PREFIX_PATH=/opt/ros/humble:${CMAKE_PREFIX_PATH} /usr/bin/cmake /home/constantine/uav_payload_control/src/qt_ground_station -DCMAKE_INSTALL_PREFIX=/home/constantine/uav_payload_control/install/qt_ground_station
[0.323s] Invoking command in '/home/constantine/uav_payload_control/build/qt_ground_station': CMAKE_PREFIX_PATH=/opt/ros/humble:${CMAKE_PREFIX_PATH} /usr/bin/cmake --build /home/constantine/uav_payload_control/build/qt_ground_station -- -j16 -l16
[0.362s] Invoked command in '/home/constantine/uav_payload_control/build/qt_ground_station' returned '0': CMAKE_PREFIX_PATH=/opt/ros/humble:${CMAKE_PREFIX_PATH} /usr/bin/cmake --build /home/constantine/uav_payload_control/build/qt_ground_station -- -j16 -l16
[0.374s] Invoking command in '/home/constantine/uav_payload_control/build/qt_ground_station': CMAKE_PREFIX_PATH=/opt/ros/humble:${CMAKE_PREFIX_PATH} /usr/bin/cmake --install /home/constantine/uav_payload_control/build/qt_ground_station
[0.383s] -- Install configuration: ""
[0.383s] -- Installing: /home/constantine/uav_payload_control/install/qt_ground_station/share/ament_index/resource_index/package_run_dependencies/qt_ground_station
[0.383s] -- Installing: /home/constantine/uav_payload_control/install/qt_ground_station/share/ament_index/resource_index/parent_prefix_path/qt_ground_station
[0.383s] -- Installing: /home/constantine/uav_payload_control/install/qt_ground_station/share/qt_ground_station/environment/ament_prefix_path.sh
[0.384s] -- Installing: /home/constantine/uav_payload_control/install/qt_ground_station/share/qt_ground_station/environment/ament_prefix_path.dsv
[0.384s] -- Installing: /home/constantine/uav_payload_control/install/qt_ground_station/share/qt_ground_station/environment/path.sh
[0.384s] -- Installing: /home/constantine/uav_payload_control/install/qt_ground_station/share/qt_ground_station/environment/path.dsv
[0.384s] -- Installing: /home/constantine/uav_payload_control/install/qt_ground_station/share/qt_ground_station/local_setup.bash
[0.384s] -- Installing: /home/constantine/uav_payload_control/install/qt_ground_station/share/qt_ground_station/local_setup.sh
[0.384s] -- Installing: /home/constantine/uav_payload_control/install/qt_ground_station/share/qt_ground_station/local_setup.zsh
[0.384s] -- Installing: /home/constantine/uav_payload_control/install/qt_ground_station/share/qt_ground_station/local_setup.dsv
[0.384s] -- Installing: /home/constantine/uav_payload_control/install/qt_ground_station/share/qt_ground_station/package.dsv
[0.385s] -- Installing: /home/constantine/uav_payload_control/install/qt_ground_station/share/ament_index/resource_index/packages/qt_ground_station
[0.385s] -- Installing: /home/constantine/uav_payload_control/install/qt_ground_station/share/qt_ground_station/cmake/qt_ground_stationConfig.cmake
[0.385s] -- Installing: /home/constantine/uav_payload_control/install/qt_ground_station/share/qt_ground_station/cmake/qt_ground_stationConfig-version.cmake
[0.385s] -- Installing: /home/constantine/uav_payload_control/install/qt_ground_station/share/qt_ground_station/package.xml
[0.387s] Invoked command in '/home/constantine/uav_payload_control/build/qt_ground_station' returned '0': CMAKE_PREFIX_PATH=/opt/ros/humble:${CMAKE_PREFIX_PATH} /usr/bin/cmake --install /home/constantine/uav_payload_control/build/qt_ground_station
