Symlinking /home/constantine/uav_payload_control/devel/include/qt_ground_station/ControlOutput.h
Symlinking /home/constantine/uav_payload_control/devel/include/qt_ground_station/Mocap.h
Symlinking /home/constantine/uav_payload_control/devel/include/qt_ground_station/SinglePayloadActionResponse.h
Symlinking /home/constantine/uav_payload_control/devel/include/qt_ground_station/SetHome.h
Symlinking /home/constantine/uav_payload_control/devel/include/qt_ground_station/GeneralInfoResponse.h
Symlinking /home/constantine/uav_payload_control/devel/include/qt_ground_station/ControlCommand.h
Symlinking /home/constantine/uav_payload_control/devel/include/qt_ground_station/AttitudeReference.h
Symlinking /home/constantine/uav_payload_control/devel/include/qt_ground_station/SetHomeResponse.h
Symlinking /home/constantine/uav_payload_control/devel/include/qt_ground_station/TrajectoryPoint.h
Symlinking /home/constantine/uav_payload_control/devel/include/qt_ground_station/SetHomeRequest.h
Symlinking /home/constantine/uav_payload_control/devel/include/qt_ground_station/MultiPayloadAction.h
Symlinking /home/constantine/uav_payload_control/devel/include/qt_ground_station/Topic_for_log.h
Symlinking /home/constantine/uav_payload_control/devel/include/qt_ground_station/MultiPayloadActionResponse.h
Symlinking /home/constantine/uav_payload_control/devel/include/qt_ground_station/SinglePayloadActionRequest.h
Symlinking /home/constantine/uav_payload_control/devel/include/qt_ground_station/ControlParameterResponse.h
Symlinking /home/constantine/uav_payload_control/devel/include/qt_ground_station/MultiPayloadActionRequest.h
Symlinking /home/constantine/uav_payload_control/devel/include/qt_ground_station/Trajectory.h
Symlinking /home/constantine/uav_payload_control/devel/include/qt_ground_station/SinglePayloadAction.h
Symlinking /home/constantine/uav_payload_control/devel/include/qt_ground_station/GeneralInfoRequest.h
Symlinking /home/constantine/uav_payload_control/devel/include/qt_ground_station/ControlParameter.h
Symlinking /home/constantine/uav_payload_control/devel/include/qt_ground_station/HomePosition.h
Symlinking /home/constantine/uav_payload_control/devel/include/qt_ground_station/DroneState.h
Symlinking /home/constantine/uav_payload_control/devel/include/qt_ground_station/ControlParameterRequest.h
Symlinking /home/constantine/uav_payload_control/devel/include/qt_ground_station/GeneralInfo.h
Symlinking /home/constantine/uav_payload_control/devel/lib/python3/dist-packages/qt_ground_station/__init__.py
Symlinking /home/constantine/uav_payload_control/devel/lib/python3/dist-packages/qt_ground_station/srv/_SinglePayloadAction.py
Symlinking /home/constantine/uav_payload_control/devel/lib/python3/dist-packages/qt_ground_station/srv/__init__.py
Symlinking /home/constantine/uav_payload_control/devel/lib/python3/dist-packages/qt_ground_station/srv/_GeneralInfo.py
Symlinking /home/constantine/uav_payload_control/devel/lib/python3/dist-packages/qt_ground_station/srv/_SetHome.py
Symlinking /home/constantine/uav_payload_control/devel/lib/python3/dist-packages/qt_ground_station/srv/_ControlParameter.py
Symlinking /home/constantine/uav_payload_control/devel/lib/python3/dist-packages/qt_ground_station/srv/_MultiPayloadAction.py
Symlinking /home/constantine/uav_payload_control/devel/lib/python3/dist-packages/qt_ground_station/msg/_Topic_for_log.py
Symlinking /home/constantine/uav_payload_control/devel/lib/python3/dist-packages/qt_ground_station/msg/_DroneState.py
Symlinking /home/constantine/uav_payload_control/devel/lib/python3/dist-packages/qt_ground_station/msg/_Mocap.py
Symlinking /home/constantine/uav_payload_control/devel/lib/python3/dist-packages/qt_ground_station/msg/__init__.py
Symlinking /home/constantine/uav_payload_control/devel/lib/python3/dist-packages/qt_ground_station/msg/_Trajectory.py
Symlinking /home/constantine/uav_payload_control/devel/lib/python3/dist-packages/qt_ground_station/msg/_AttitudeReference.py
Symlinking /home/constantine/uav_payload_control/devel/lib/python3/dist-packages/qt_ground_station/msg/_TrajectoryPoint.py
Symlinking /home/constantine/uav_payload_control/devel/lib/python3/dist-packages/qt_ground_station/msg/_HomePosition.py
Symlinking /home/constantine/uav_payload_control/devel/lib/python3/dist-packages/qt_ground_station/msg/_ControlOutput.py
Symlinking /home/constantine/uav_payload_control/devel/lib/python3/dist-packages/qt_ground_station/msg/_ControlCommand.py
Symlinking /home/constantine/uav_payload_control/devel/lib/pkgconfig/qt_ground_station.pc
Symlinking /home/constantine/uav_payload_control/devel/lib/qt_ground_station/qt_ground_station
Symlinking /home/constantine/uav_payload_control/devel/share/common-lisp/ros/qt_ground_station/srv/_package.lisp
Symlinking /home/constantine/uav_payload_control/devel/share/common-lisp/ros/qt_ground_station/srv/_package_MultiPayloadAction.lisp
Symlinking /home/constantine/uav_payload_control/devel/share/common-lisp/ros/qt_ground_station/srv/_package_SetHome.lisp
Symlinking /home/constantine/uav_payload_control/devel/share/common-lisp/ros/qt_ground_station/srv/qt_ground_station-srv.asd
Symlinking /home/constantine/uav_payload_control/devel/share/common-lisp/ros/qt_ground_station/srv/SinglePayloadAction.lisp
Symlinking /home/constantine/uav_payload_control/devel/share/common-lisp/ros/qt_ground_station/srv/_package_GeneralInfo.lisp
Symlinking /home/constantine/uav_payload_control/devel/share/common-lisp/ros/qt_ground_station/srv/MultiPayloadAction.lisp
Symlinking /home/constantine/uav_payload_control/devel/share/common-lisp/ros/qt_ground_station/srv/_package_ControlParameter.lisp
Symlinking /home/constantine/uav_payload_control/devel/share/common-lisp/ros/qt_ground_station/srv/GeneralInfo.lisp
Symlinking /home/constantine/uav_payload_control/devel/share/common-lisp/ros/qt_ground_station/srv/ControlParameter.lisp
Symlinking /home/constantine/uav_payload_control/devel/share/common-lisp/ros/qt_ground_station/srv/SetHome.lisp
Symlinking /home/constantine/uav_payload_control/devel/share/common-lisp/ros/qt_ground_station/srv/_package_SinglePayloadAction.lisp
Symlinking /home/constantine/uav_payload_control/devel/share/common-lisp/ros/qt_ground_station/msg/_package.lisp
Symlinking /home/constantine/uav_payload_control/devel/share/common-lisp/ros/qt_ground_station/msg/ControlOutput.lisp
Symlinking /home/constantine/uav_payload_control/devel/share/common-lisp/ros/qt_ground_station/msg/_package_Trajectory.lisp
Symlinking /home/constantine/uav_payload_control/devel/share/common-lisp/ros/qt_ground_station/msg/_package_HomePosition.lisp
Symlinking /home/constantine/uav_payload_control/devel/share/common-lisp/ros/qt_ground_station/msg/_package_ControlCommand.lisp
Symlinking /home/constantine/uav_payload_control/devel/share/common-lisp/ros/qt_ground_station/msg/_package_ControlOutput.lisp
Symlinking /home/constantine/uav_payload_control/devel/share/common-lisp/ros/qt_ground_station/msg/_package_AttitudeReference.lisp
Symlinking /home/constantine/uav_payload_control/devel/share/common-lisp/ros/qt_ground_station/msg/Trajectory.lisp
Symlinking /home/constantine/uav_payload_control/devel/share/common-lisp/ros/qt_ground_station/msg/_package_TrajectoryPoint.lisp
Symlinking /home/constantine/uav_payload_control/devel/share/common-lisp/ros/qt_ground_station/msg/ControlCommand.lisp
Symlinking /home/constantine/uav_payload_control/devel/share/common-lisp/ros/qt_ground_station/msg/TrajectoryPoint.lisp
Symlinking /home/constantine/uav_payload_control/devel/share/common-lisp/ros/qt_ground_station/msg/qt_ground_station-msg.asd
Symlinking /home/constantine/uav_payload_control/devel/share/common-lisp/ros/qt_ground_station/msg/DroneState.lisp
Symlinking /home/constantine/uav_payload_control/devel/share/common-lisp/ros/qt_ground_station/msg/HomePosition.lisp
Symlinking /home/constantine/uav_payload_control/devel/share/common-lisp/ros/qt_ground_station/msg/_package_Mocap.lisp
Symlinking /home/constantine/uav_payload_control/devel/share/common-lisp/ros/qt_ground_station/msg/Mocap.lisp
Symlinking /home/constantine/uav_payload_control/devel/share/common-lisp/ros/qt_ground_station/msg/_package_Topic_for_log.lisp
Symlinking /home/constantine/uav_payload_control/devel/share/common-lisp/ros/qt_ground_station/msg/AttitudeReference.lisp
Symlinking /home/constantine/uav_payload_control/devel/share/common-lisp/ros/qt_ground_station/msg/_package_DroneState.lisp
Symlinking /home/constantine/uav_payload_control/devel/share/common-lisp/ros/qt_ground_station/msg/Topic_for_log.lisp
Symlinking /home/constantine/uav_payload_control/devel/share/roseus/ros/qt_ground_station/manifest.l
Symlinking /home/constantine/uav_payload_control/devel/share/roseus/ros/qt_ground_station/srv/SinglePayloadAction.l
Symlinking /home/constantine/uav_payload_control/devel/share/roseus/ros/qt_ground_station/srv/SetHome.l
Symlinking /home/constantine/uav_payload_control/devel/share/roseus/ros/qt_ground_station/srv/ControlParameter.l
Symlinking /home/constantine/uav_payload_control/devel/share/roseus/ros/qt_ground_station/srv/MultiPayloadAction.l
Symlinking /home/constantine/uav_payload_control/devel/share/roseus/ros/qt_ground_station/srv/GeneralInfo.l
Symlinking /home/constantine/uav_payload_control/devel/share/roseus/ros/qt_ground_station/msg/ControlOutput.l
Symlinking /home/constantine/uav_payload_control/devel/share/roseus/ros/qt_ground_station/msg/AttitudeReference.l
Symlinking /home/constantine/uav_payload_control/devel/share/roseus/ros/qt_ground_station/msg/TrajectoryPoint.l
Symlinking /home/constantine/uav_payload_control/devel/share/roseus/ros/qt_ground_station/msg/DroneState.l
Symlinking /home/constantine/uav_payload_control/devel/share/roseus/ros/qt_ground_station/msg/Topic_for_log.l
Symlinking /home/constantine/uav_payload_control/devel/share/roseus/ros/qt_ground_station/msg/HomePosition.l
Symlinking /home/constantine/uav_payload_control/devel/share/roseus/ros/qt_ground_station/msg/Trajectory.l
Symlinking /home/constantine/uav_payload_control/devel/share/roseus/ros/qt_ground_station/msg/ControlCommand.l
Symlinking /home/constantine/uav_payload_control/devel/share/roseus/ros/qt_ground_station/msg/Mocap.l
Symlinking /home/constantine/uav_payload_control/devel/share/gennodejs/ros/qt_ground_station/_index.js
Symlinking /home/constantine/uav_payload_control/devel/share/gennodejs/ros/qt_ground_station/srv/MultiPayloadAction.js
Symlinking /home/constantine/uav_payload_control/devel/share/gennodejs/ros/qt_ground_station/srv/SetHome.js
Symlinking /home/constantine/uav_payload_control/devel/share/gennodejs/ros/qt_ground_station/srv/GeneralInfo.js
Symlinking /home/constantine/uav_payload_control/devel/share/gennodejs/ros/qt_ground_station/srv/ControlParameter.js
Symlinking /home/constantine/uav_payload_control/devel/share/gennodejs/ros/qt_ground_station/srv/SinglePayloadAction.js
Symlinking /home/constantine/uav_payload_control/devel/share/gennodejs/ros/qt_ground_station/srv/_index.js
Symlinking /home/constantine/uav_payload_control/devel/share/gennodejs/ros/qt_ground_station/msg/AttitudeReference.js
Symlinking /home/constantine/uav_payload_control/devel/share/gennodejs/ros/qt_ground_station/msg/HomePosition.js
Symlinking /home/constantine/uav_payload_control/devel/share/gennodejs/ros/qt_ground_station/msg/Trajectory.js
Symlinking /home/constantine/uav_payload_control/devel/share/gennodejs/ros/qt_ground_station/msg/Topic_for_log.js
Symlinking /home/constantine/uav_payload_control/devel/share/gennodejs/ros/qt_ground_station/msg/TrajectoryPoint.js
Symlinking /home/constantine/uav_payload_control/devel/share/gennodejs/ros/qt_ground_station/msg/DroneState.js
Symlinking /home/constantine/uav_payload_control/devel/share/gennodejs/ros/qt_ground_station/msg/ControlOutput.js
Symlinking /home/constantine/uav_payload_control/devel/share/gennodejs/ros/qt_ground_station/msg/Mocap.js
Symlinking /home/constantine/uav_payload_control/devel/share/gennodejs/ros/qt_ground_station/msg/ControlCommand.js
Symlinking /home/constantine/uav_payload_control/devel/share/gennodejs/ros/qt_ground_station/msg/_index.js
Symlinking /home/constantine/uav_payload_control/devel/share/qt_ground_station/cmake/qt_ground_station-msg-extras.cmake
Symlinking /home/constantine/uav_payload_control/devel/share/qt_ground_station/cmake/qt_ground_stationConfig.cmake
Symlinking /home/constantine/uav_payload_control/devel/share/qt_ground_station/cmake/qt_ground_station-msg-paths.cmake
Symlinking /home/constantine/uav_payload_control/devel/share/qt_ground_station/cmake/qt_ground_stationConfig-version.cmake
